Component: ARM Compiler 5.06 update 6 (build 750) Tool: armlink [4d35ed]

==============================================================================

Section Cross References

    adc_task.o(i.adc_task) refers to _printf_percent.o(.ARM.Collect$$_printf_percent$$00000000) for _printf_percent
    adc_task.o(i.adc_task) refers to _printf_d.o(.ARM.Collect$$_printf_percent$$00000009) for _printf_d
    adc_task.o(i.adc_task) refers to _printf_dec.o(.text) for _printf_int_dec
    adc_task.o(i.adc_task) refers to adc.o(i.Get_AdcValue) for Get_AdcValue
    adc_task.o(i.adc_task) refers to fflt_clz.o(x$fpl$ffltu) for __aeabi_ui2f
    adc_task.o(i.adc_task) refers to f2d.o(x$fpl$f2d) for __aeabi_f2d
    adc_task.o(i.adc_task) refers to dmul.o(x$fpl$dmul) for __aeabi_dmul
    adc_task.o(i.adc_task) refers to ddiv.o(x$fpl$ddiv) for __aeabi_ddiv
    adc_task.o(i.adc_task) refers to d2f.o(x$fpl$d2f) for __aeabi_d2f
    adc_task.o(i.adc_task) refers to fmul.o(x$fpl$fmul) for __aeabi_fmul
    adc_task.o(i.adc_task) refers to delay.o(i.delay_ms) for delay_ms
    adc_task.o(i.adc_task) refers to timer.o(i.PWM3_OUT) for PWM3_OUT
    adc_task.o(i.adc_task) refers to stm32f10x_tim.o(i.TIM_Cmd) for TIM_Cmd
    adc_task.o(i.adc_task) refers to timer.o(i.PWM2_OUT) for PWM2_OUT
    adc_task.o(i.adc_task) refers to led.o(i.RGB_Colour) for RGB_Colour
    adc_task.o(i.adc_task) refers to usart2_driver.o(i.SV17F_MP3_Specify) for SV17F_MP3_Specify
    adc_task.o(i.adc_task) refers to hmi_driver.o(i.HMI_PictureCopy_xy) for HMI_PictureCopy_xy
    adc_task.o(i.adc_task) refers to hmi_driver.o(i.HMI_PictureCopy_S_T_xy) for HMI_PictureCopy_S_T_xy
    adc_task.o(i.adc_task) refers to hmi_driver.o(i.HMI_ChangeScreen) for HMI_ChangeScreen
    adc_task.o(i.adc_task) refers to fdiv.o(x$fpl$fdiv) for __aeabi_fdiv
    adc_task.o(i.adc_task) refers to faddsub_clz.o(x$fpl$fsub) for __aeabi_fsub
    adc_task.o(i.adc_task) refers to ntc.o(i.Get_Temp) for Get_Temp
    adc_task.o(i.adc_task) refers to daddsub_clz.o(x$fpl$dsub) for __aeabi_dsub
    adc_task.o(i.adc_task) refers to ffix.o(x$fpl$ffix) for __aeabi_f2iz
    adc_task.o(i.adc_task) refers to noretval__2printf.o(.text) for __2printf
    adc_task.o(i.adc_task) refers to lcd_test.o(.bss) for sys_var
    common.o(i.ALL_Init) refers to led.o(i.LED_Init) for LED_Init
    common.o(i.ALL_Init) refers to sysio_init.o(i.SystemGPIO) for SystemGPIO
    common.o(i.ALL_Init) refers to at24c64_driver.o(i.IIC_Init) for IIC_Init
    common.o(i.ALL_Init) refers to w25qxx.o(i.W25QXX_Init) for W25QXX_Init
    common.o(i.ALL_Init) refers to key.o(i.KEY_Init) for KEY_Init
    common.o(i.ALL_Init) refers to timer.o(i.TIM4_PWM_Init) for TIM4_PWM_Init
    common.o(i.ALL_Init) refers to timer.o(i.TIM3_PWM_Init) for TIM3_PWM_Init
    common.o(i.ALL_Init) refers to timer.o(i.TIM5_PWM_Init) for TIM5_PWM_Init
    common.o(i.ALL_Init) refers to stm32f10x_tim.o(i.TIM_SetCompare2) for TIM_SetCompare2
    common.o(i.ALL_Init) refers to timer.o(i.TIM2_Int_Init) for TIM2_Int_Init
    common.o(i.ALL_Init) refers to usart3_driver.o(i.USART3_Init) for USART3_Init
    common.o(i.ALL_Init) refers to usart2_driver.o(i.USART2_Init) for USART2_Init
    common.o(i.ALL_Init) refers to usart.o(i.uart_init) for uart_init
    common.o(i.ALL_Init) refers to adc.o(i.Adc_Init) for Adc_Init
    common.o(i.ALL_Init) refers to common.o(i.Variables_init) for Variables_init
    common.o(i.Map_Density) refers to _printf_percent.o(.ARM.Collect$$_printf_percent$$00000000) for _printf_percent
    common.o(i.Map_Density) refers to _printf_d.o(.ARM.Collect$$_printf_percent$$00000009) for _printf_d
    common.o(i.Map_Density) refers to _printf_dec.o(.text) for _printf_int_dec
    common.o(i.Map_Density) refers to basic_lib.o(i.map) for map
    common.o(i.Map_Density) refers to noretval__2printf.o(.text) for __2printf
    common.o(i.Map_Density) refers to common.o(.bss) for .bss
    common.o(i.Variables_init) refers to lcd_test.o(.bss) for sys_var
    ctr_task.o(i.TIM2_IRQHandler) refers to stm32f10x_tim.o(i.TIM_GetITStatus) for TIM_GetITStatus
    ctr_task.o(i.TIM2_IRQHandler) refers to stm32f10x_tim.o(i.TIM_ClearITPendingBit) for TIM_ClearITPendingBit
    ctr_task.o(i.TIM2_IRQHandler) refers to lcd_test.o(.bss) for sys_var
    ctr_task.o(i.TIM2_IRQHandler) refers to ctr_task.o(.data) for .data
    ctr_task.o(i.ctr_task) refers to _printf_percent.o(.ARM.Collect$$_printf_percent$$00000000) for _printf_percent
    ctr_task.o(i.ctr_task) refers to _printf_d.o(.ARM.Collect$$_printf_percent$$00000009) for _printf_d
    ctr_task.o(i.ctr_task) refers to _printf_dec.o(.text) for _printf_int_dec
    ctr_task.o(i.ctr_task) refers to os_tmr.o(i.OSTmrCreate) for OSTmrCreate
    ctr_task.o(i.ctr_task) refers to os_tmr.o(i.OSTmrStart) for OSTmrStart
    ctr_task.o(i.ctr_task) refers to stm32f10x_tim.o(i.TIM_Cmd) for TIM_Cmd
    ctr_task.o(i.ctr_task) refers to timer.o(i.PWM2_OUT) for PWM2_OUT
[...]
    TAMPER_IRQHandler                        0x080001fb   Thumb Code     0  startup_stm32f10x_hd.o(.text)
    TIM1_BRK_IRQHandler                      0x080001fb   Thumb Code     0  startup_stm32f10x_hd.o(.text)
    TIM1_CC_IRQHandler                       0x080001fb   Thumb Code     0  startup_stm32f10x_hd.o(.text)
    TIM1_TRG_COM_IRQHandler                  0x080001fb   Thumb Code     0  startup_stm32f10x_hd.o(.text)
    TIM1_UP_IRQHandler                       0x080001fb   Thumb Code     0  startup_stm32f10x_hd.o(.text)
    TIM3_IRQHandler                          0x080001fb   Thumb Code     0  startup_stm32f10x_hd.o(.text)
    TIM4_IRQHandler                          0x080001fb   Thumb Code     0  startup_stm32f10x_hd.o(.text)
    TIM5_IRQHandler                          0x080001fb   Thumb Code     0  startup_stm32f10x_hd.o(.text)
    TIM6_IRQHandler                          0x080001fb   Thumb Code     0  startup_stm32f10x_hd.o(.text)
    TIM7_IRQHandler                          0x080001fb   Thumb Code     0  startup_stm32f10x_hd.o(.text)
    TIM8_BRK_IRQHandler                      0x080001fb   Thumb Code     0  startup_stm32f10x_hd.o(.text)
    TIM8_CC_IRQHandler                       0x080001fb   Thumb Code     0  startup_stm32f10x_hd.o(.text)
    TIM8_TRG_COM_IRQHandler                  0x080001fb   Thumb Code     0  startup_stm32f10x_hd.o(.text)
    TIM8_UP_IRQHandler                       0x080001fb   Thumb Code     0  startup_stm32f10x_hd.o(.text)
    UART4_IRQHandler                         0x080001fb   Thumb Code     0  startup_stm32f10x_hd.o(.text)
    UART5_IRQHandler                         0x080001fb   Thumb Code     0  startup_stm32f10x_hd.o(.text)
    USART2_IRQHandler                        0x080001fb   Thumb Code     0  startup_stm32f10x_hd.o(.text)
    USBWakeUp_IRQHandler                     0x080001fb   Thumb Code     0  startup_stm32f10x_hd.o(.text)
    USB_HP_CAN1_TX_IRQHandler                0x080001fb   Thumb Code     0  startup_stm32f10x_hd.o(.text)
    USB_LP_CAN1_RX0_IRQHandler               0x080001fb   Thumb Code     0  startup_stm32f10x_hd.o(.text)
    WWDG_IRQHandler                          0x080001fb   Thumb Code     0  startup_stm32f10x_hd.o(.text)
    __user_initial_stackheap                 0x080001fd   Thumb Code     0  startup_stm32f10x_hd.o(.text)
    OS_CPU_SR_Save                           0x08000221   Thumb Code     0  os_cpu_a.o(.text)
    OS_CPU_SR_Restore                        0x08000229   Thumb Code     0  os_cpu_a.o(.text)
    OSStartHighRdy                           0x0800022f   Thumb Code     0  os_cpu_a.o(.text)
    OSCtxSw                                  0x08000251   Thumb Code     0  os_cpu_a.o(.text)
    OSIntCtxSw                               0x0800025f   Thumb Code     0  os_cpu_a.o(.text)
    PendSV_Handler                           0x0800026f   Thumb Code     0  os_cpu_a.o(.text)
    __use_no_semihosting                     0x080002d5   Thumb Code     2  use_no_semi_2.o(.text)
    __2printf                                0x080002d9   Thumb Code    20  noretval__2printf.o(.text)
    _printf_str                              0x080002f1   Thumb Code    82  _printf_str.o(.text)
    _printf_int_dec                          0x08000345   Thumb Code   104  _printf_dec.o(.text)
    _printf_int_hex                          0x080003bd   Thumb Code    84  _printf_hex_int.o(.text)
    _printf_longlong_hex                     0x080003bd   Thumb Code     0  _printf_hex_int.o(.text)
    __printf                                 0x08000415   Thumb Code   308  __printf_flags_wp.o(.text)
    strlen                                   0x0800054d   Thumb Code    62  strlen.o(.text)
    __aeabi_memcpy4                          0x0800058b   Thumb Code     0  rt_memcpy_w.o(.text)
    __aeabi_memcpy8                          0x0800058b   Thumb Code     0  rt_memcpy_w.o(.text)
    __rt_memcpy_w                            0x0800058b   Thumb Code   100  rt_memcpy_w.o(.text)
    _memcpy_lastbytes_aligned                0x080005d3   Thumb Code     0  rt_memcpy_w.o(.text)
    __aeabi_memclr4                          0x080005ef   Thumb Code     0  rt_memclr_w.o(.text)
    __aeabi_memclr8                          0x080005ef   Thumb Code     0  rt_memclr_w.o(.text)
    __rt_memclr_w                            0x080005ef   Thumb Code    78  rt_memclr_w.o(.text)
    _memset_w                                0x080005f3   Thumb Code     0  rt_memclr_w.o(.text)
    __use_two_region_memory                  0x0800063d   Thumb Code     2  heapauxi.o(.text)
    __rt_heap_escrow$2region                 0x0800063f   Thumb Code     2  heapauxi.o(.text)
    __rt_heap_expand$2region                 0x08000641   Thumb Code     2  heapauxi.o(.text)
    __I$use$semihosting                      0x08000643   Thumb Code     0  use_no_semi.o(.text)
    __use_no_semihosting_swi                 0x08000643   Thumb Code     2  use_no_semi.o(.text)
    __read_errno                             0x08000645   Thumb Code    10  _rserrno.o(.text)
    __set_errno                              0x0800064f   Thumb Code    12  _rserrno.o(.text)
    _printf_int_common                       0x0800065b   Thumb Code   178  _printf_intcommon.o(.text)
    _printf_char_common                      0x08000717   Thumb Code    32  _printf_char_common.o(.text)
    _printf_cs_common                        0x0800073d   Thumb Code    20  _printf_char.o(.text)
    _printf_char                             0x08000751   Thumb Code    16  _printf_char.o(.text)
    _printf_string                           0x08000761   Thumb Code     8  _printf_char.o(.text)
    _printf_char_file                        0x08000769   Thumb Code    32  _printf_char_file.o(.text)
    __aeabi_errno_addr                       0x0800078d   Thumb Code     8  rt_errno_addr_intlibspace.o(.text)
    __errno$intlibspace                      0x0800078d   Thumb Code     0  rt_errno_addr_intlibspace.o(.text)
    __rt_errno_addr$intlibspace              0x0800078d   Thumb Code     0  rt_errno_addr_intlibspace.o(.text)
    ferror                                   0x08000795   Thumb Code     8  ferror.o(.text)
    __user_libspace                          0x0800079d   Thumb Code     8  libspace.o(.text)
    __user_perproc_libspace                  0x0800079d   Thumb Code     0  libspace.o(.text)
    __user_perthread_libspace                0x0800079d   Thumb Code     0  libspace.o(.text)
    __user_setup_stackheap                   0x080007a5   Thumb Code    74  sys_stackheap_outer.o(.text)
    exit                                     0x080007ef   Thumb Code    18  exit.o(.text)
    ADC_Cmd                                  0x08000801   Thumb Code    20  stm32f10x_adc.o(i.ADC_Cmd)
    ADC_DMACmd                               0x08000815   Thumb Code    20  stm32f10x_adc.o(i.ADC_DMACmd)
    ADC_GetCalibrationStatus                 0x08000829   Thumb Code    14  stm32f10x_adc.o(i.ADC_GetCalibrationStatus)
    ADC_GetResetCalibrationStatus            0x08000837   Thumb Code    14  stm32f10x_adc.o(i.ADC_GetResetCalibrationStatus)
    ADC_Init                                 0x08000845   Thumb Code    62  stm32f10x_adc.o(i.ADC_Init)
    ADC_RegularChannelConfig                 0x0800088d   Thumb Code   116  stm32f10x_adc.o(i.ADC_RegularChannelConfig)
    ADC_ResetCalibration                     0x08000901   Thumb Code    10  stm32f10x_adc.o(i.ADC_ResetCalibration)
    ADC_SoftwareStartConvCmd                 0x0800090b   Thumb Code    20  stm32f10x_adc.o(i.ADC_SoftwareStartConvCmd)
    ADC_StartCalibration                     0x0800091f   Thumb Code    10  stm32f10x_adc.o(i.ADC_StartCalibration)
    ALL_Init                                 0x08000929   Thumb Code   110  common.o(i.ALL_Init)
    Adc_Init                                 0x0800099d   Thumb Code   284  adc.o(i.Adc_Init)
    BusFault_Handler                         0x08000acd   Thumb Code     2  stm32f10x_it.o(i.BusFault_Handler)
    DMA_Cmd                                  0x08000acf   Thumb Code    22  stm32f10x_dma.o(i.DMA_Cmd)
    DMA_DeInit                               0x08000ae5   Thumb Code   218  stm32f10x_dma.o(i.DMA_DeInit)
    DMA_Init                                 0x08000bc9   Thumb Code    58  stm32f10x_dma.o(i.DMA_Init)
    Deal_Language                            0x08000c05   Thumb Code   288  function.o(i.Deal_Language)
    DebugMon_Handler                         0x08000d29   Thumb Code     2  stm32f10x_it.o(i.DebugMon_Handler)
    Dis_CV_BAS                               0x08000d2d   Thumb Code    82  function.o(i.Dis_CV_BAS)
    Dis_SP_BAS                               0x08000d85   Thumb Code    88  function.o(i.Dis_SP_BAS)
    EEPROM_ReadSeq                           0x08000de1   Thumb Code   118  at24c64_driver.o(i.EEPROM_ReadSeq)
    EEPROM_WriteSeq                          0x08000e59   Thumb Code   218  at24c64_driver.o(i.EEPROM_WriteSeq)
    ERP_Check                                0x08000f35   Thumb Code   120  lcd_test.o(i.ERP_Check)
    GPIO_Init                                0x08000fb5   Thumb Code   162  stm32f10x_gpio.o(i.GPIO_Init)
    GPIO_PinRemapConfig                      0x08001059   Thumb Code    82  stm32f10x_gpio.o(i.GPIO_PinRemapConfig)
    GPIO_ReadInputDataBit                    0x080010b1   Thumb Code    14  stm32f10x_gpio.o(i.GPIO_ReadInputDataBit)
    GPIO_ResetBits                           0x080010bf   Thumb Code     4  stm32f10x_gpio.o(i.GPIO_ResetBits)
    GPIO_SetBits                             0x080010c3   Thumb Code     4  stm32f10x_gpio.o(i.GPIO_SetBits)
    GetButtonData                            0x080010c9   Thumb Code    52  usart3_driver.o(i.GetButtonData)
    Get_AdcValue                             0x0800110d   Thumb Code    40  adc.o(i.Get_AdcValue)
    Get_Temp                                 0x08001139   Thumb Code    52  ntc.o(i.Get_Temp)
    HIM_HandShake                            0x0800117d   Thumb Code    54  hmi_driver.o(i.HIM_HandShake)
    HIM_SCR_ID                               0x080011b3   Thumb Code    82  hmi_driver_t5.o(i.HIM_SCR_ID)
    HMI_BackLightCtrl                        0x08001205   Thumb Code    68  hmi_driver.o(i.HMI_BackLightCtrl)
    HMI_ChangeScreen                         0x08001249   Thumb Code    14  hmi_driver.o(i.HMI_ChangeScreen)
    HMI_PictureCopy_S_T_xy                   0x08001257   Thumb Code   178  hmi_driver.o(i.HMI_PictureCopy_S_T_xy)
    HMI_PictureCopy_xy                       0x08001309   Thumb Code   166  hmi_driver.o(i.HMI_PictureCopy_xy)
    HMI_ReadVarCmd                           0x080013af   Thumb Code    70  hmi_driver.o(i.HMI_ReadVarCmd)
    HMI_SendData                             0x080013f5   Thumb Code     4  hmi_driver.o(i.HMI_SendData)
    HMI_ShowNumber                           0x080013f9   Thumb Code    44  hmi_driver.o(i.HMI_ShowNumber)
    HMI_ShowNumber_int                       0x08001425   Thumb Code    44  hmi_driver.o(i.HMI_ShowNumber_int)
    HMI_TXIconVal                            0x08001451   Thumb Code    12  hmi_driver.o(i.HMI_TXIconVal)
    HMI_TXIntToEdit                          0x0800145d   Thumb Code    12  hmi_driver.o(i.HMI_TXIntToEdit)
    HMI_TXStrToEdit                          0x08001469   Thumb Code   114  hmi_driver.o(i.HMI_TXStrToEdit)
    HMI_WriteRegCmd                          0x080014db   Thumb Code    88  hmi_driver.o(i.HMI_WriteRegCmd)
    HMI_WriteVarCmd                          0x08001533   Thumb Code    94  hmi_driver.o(i.HMI_WriteVarCmd)
    HardFault_Handler                        0x08001591   Thumb Code     2  stm32f10x_it.o(i.HardFault_Handler)
    IIC_Delay                                0x08001593   Thumb Code    10  at24c64_driver.o(i.IIC_Delay)
    IIC_Init                                 0x0800159d   Thumb Code    56  at24c64_driver.o(i.IIC_Init)
    IIC_ReceiveByte                          0x080015d9   Thumb Code    78  at24c64_driver.o(i.IIC_ReceiveByte)
    IIC_SendByte                             0x0800162d   Thumb Code   126  at24c64_driver.o(i.IIC_SendByte)
    IIC_Send_ACK                             0x080016b1   Thumb Code    48  at24c64_driver.o(i.IIC_Send_ACK)
    IIC_Send_NACK                            0x080016e5   Thumb Code    40  at24c64_driver.o(i.IIC_Send_NACK)
    IIC_Start                                0x08001711   Thumb Code    94  at24c64_driver.o(i.IIC_Start)
    IIC_Stop                                 0x08001775   Thumb Code    40  at24c64_driver.o(i.IIC_Stop)
    IntToStr_Decimal                         0x080017a1   Thumb Code   234  basic_lib.o(i.IntToStr_Decimal)
    KEY_Init                                 0x0800188d   Thumb Code    32  key.o(i.KEY_Init)
    KEY_Scan                                 0x080018b1   Thumb Code    72  key.o(i.KEY_Scan)
    LED_Init                                 0x08001901   Thumb Code    80  led.o(i.LED_Init)
    MP3_SendCmd                              0x08001959   Thumb Code    40  usart2_driver.o(i.MP3_SendCmd)
    Map_Density                              0x08001981   Thumb Code   106  common.o(i.Map_Density)
    MemManage_Handler                        0x080019f9   Thumb Code     2  stm32f10x_it.o(i.MemManage_Handler)
    MemoryCopy                               0x080019fd   Thumb Code    24  basic_lib.o(i.MemoryCopy)
    NMI_Handler                              0x08001a15   Thumb Code     2  stm32f10x_it.o(i.NMI_Handler)
    NVIC_Init                                0x08001a19   Thumb Code    94  misc.o(i.NVIC_Init)
    NVIC_PriorityGroupConfig                 0x08001a7d   Thumb Code    10  misc.o(i.NVIC_PriorityGroupConfig)
    OSInit                                   0x08001a91   Thumb Code   224  os_core.o(i.OSInit)
    OSInitHookBegin                          0x08001ba9   Thumb Code     8  os_cpu_c.o(i.OSInitHookBegin)
    OSInitHookEnd                            0x08001bb5   Thumb Code     2  os_cpu_c.o(i.OSInitHookEnd)
    OSIntEnter                               0x08001bb9   Thumb Code    20  os_core.o(i.OSIntEnter)
    OSIntExit                                0x08001bd1   Thumb Code    82  os_core.o(i.OSIntExit)
    OSSchedLock                              0x08001c2d   Thumb Code    38  os_core.o(i.OSSchedLock)
    OSSchedUnlock                            0x08001c59   Thumb Code    54  os_core.o(i.OSSchedUnlock)
    OSSemCreate                              0x08001c95   Thumb Code    54  os_sem.o(i.OSSemCreate)
    OSSemPend                                0x08001cd5   Thumb Code   172  os_sem.o(i.OSSemPend)
    OSSemPost                                0x08001d8d   Thumb Code    82  os_sem.o(i.OSSemPost)
    OSStart                                  0x08001de1   Thumb Code    38  os_core.o(i.OSStart)
    OSStatInit                               0x08001e11   Thumb Code    48  os_core.o(i.OSStatInit)
    OSTCBInitHook                            0x08001e45   Thumb Code     2  os_cpu_c.o(i.OSTCBInitHook)
    OSTaskCreate                             0x08001e49   Thumb Code   124  os_task.o(i.OSTaskCreate)
    OSTaskCreateExt                          0x08001ed1   Thumb Code   144  os_task.o(i.OSTaskCreateExt)
    OSTaskCreateHook                         0x08001f6d   Thumb Code     2  os_cpu_c.o(i.OSTaskCreateHook)
    OSTaskIdleHook                           0x08001f6f   Thumb Code     2  os_cpu_c.o(i.OSTaskIdleHook)
    OSTaskNameSet                            0x08001f71   Thumb Code    76  os_task.o(i.OSTaskNameSet)
    OSTaskStatHook                           0x08001fc9   Thumb Code     2  os_cpu_c.o(i.OSTaskStatHook)
    OSTaskStkChk                             0x08001fcd   Thumb Code   108  os_task.o(i.OSTaskStkChk)
    OSTaskStkInit                            0x08002041   Thumb Code   116  os_cpu_c.o(i.OSTaskStkInit)
    OSTaskSuspend                            0x080020b5   Thumb Code   128  os_task.o(i.OSTaskSuspend)
    OSTaskSwHook                             0x08002145   Thumb Code     2  os_cpu_c.o(i.OSTaskSwHook)
    OSTimeDly                                0x08002149   Thumb Code    82  os_time.o(i.OSTimeDly)
    OSTimeTick                               0x080021b1   Thumb Code   154  os_core.o(i.OSTimeTick)
    OSTimeTickHook                           0x08002251   Thumb Code    24  os_cpu_c.o(i.OSTimeTickHook)
    OSTmrCreate                              0x0800226d   Thumb Code   110  os_tmr.o(i.OSTmrCreate)
    OSTmrSignal                              0x080022ed   Thumb Code     8  os_tmr.o(i.OSTmrSignal)
    OSTmrStart                               0x080022f9   Thumb Code    96  os_tmr.o(i.OSTmrStart)
    OSTmr_Init                               0x0800235d   Thumb Code   174  os_tmr.o(i.OSTmr_Init)
    OS_EventTaskRdy                          0x0800254d   Thumb Code    86  os_core.o(i.OS_EventTaskRdy)
    OS_EventTaskRemove                       0x080025b1   Thumb Code    32  os_core.o(i.OS_EventTaskRemove)
    OS_EventTaskWait                         0x080025d1   Thumb Code    68  os_core.o(i.OS_EventTaskWait)
    OS_EventWaitListInit                     0x08002619   Thumb Code    20  os_core.o(i.OS_EventWaitListInit)
    OS_FlagInit                              0x0800262d   Thumb Code    60  os_flag.o(i.OS_FlagInit)
    OS_MemClr                                0x080026e5   Thumb Code    18  os_core.o(i.OS_MemClr)
    OS_QInit                                 0x080026f9   Thumb Code    56  os_q.o(i.OS_QInit)
    OS_Sched                                 0x08002739   Thumb Code    64  os_core.o(i.OS_Sched)
    OS_TCBInit                               0x080027a1   Thumb Code   222  os_core.o(i.OS_TCBInit)
    OS_TaskIdle                              0x0800288d   Thumb Code    24  os_core.o(i.OS_TaskIdle)
    OS_TaskStat                              0x080028a9   Thumb Code    82  os_core.o(i.OS_TaskStat)
    OS_TaskStatStkChk                        0x08002901   Thumb Code    50  os_core.o(i.OS_TaskStatStkChk)
    OS_TaskStkClr                            0x08002939   Thumb Code    22  os_task.o(i.OS_TaskStkClr)
    PWM2_OUT                                 0x08002951   Thumb Code     8  timer.o(i.PWM2_OUT)
    PWM3_OUT                                 0x0800295d   Thumb Code     8  timer.o(i.PWM3_OUT)
    RCC_ADCCLKConfig                         0x08002969   Thumb Code    14  stm32f10x_rcc.o(i.RCC_ADCCLKConfig)
    RCC_AHBPeriphClockCmd                    0x0800297d   Thumb Code    18  stm32f10x_rcc.o(i.RCC_AHBPeriphClockCmd)
    RCC_APB1PeriphClockCmd                   0x08002995   Thumb Code    18  stm32f10x_rcc.o(i.RCC_APB1PeriphClockCmd)
    RCC_APB1PeriphResetCmd                   0x080029ad   Thumb Code    18  stm32f10x_rcc.o(i.RCC_APB1PeriphResetCmd)
    RCC_APB2PeriphClockCmd                   0x080029c5   Thumb Code    18  stm32f10x_rcc.o(i.RCC_APB2PeriphClockCmd)
    RCC_APB2PeriphResetCmd                   0x080029dd   Thumb Code    18  stm32f10x_rcc.o(i.RCC_APB2PeriphResetCmd)
    RCC_GetClocksFreq                        0x080029f5   Thumb Code   128  stm32f10x_rcc.o(i.RCC_GetClocksFreq)
    RGB_Colour                               0x08002a85   Thumb Code    28  led.o(i.RGB_Colour)
    SPI2_Init                                0x08002aa5   Thumb Code   138  spi.o(i.SPI2_Init)
    SPI2_ReadWriteByte                       0x08002b39   Thumb Code    76  spi.o(i.SPI2_ReadWriteByte)
    SPI2_SetSpeed                            0x08002b89   Thumb Code    24  spi.o(i.SPI2_SetSpeed)
    SPI_Cmd                                  0x08002ba5   Thumb Code    20  stm32f10x_spi.o(i.SPI_Cmd)
    SPI_I2S_GetFlagStatus                    0x08002bb9   Thumb Code    14  stm32f10x_spi.o(i.SPI_I2S_GetFlagStatus)
    SPI_I2S_ReceiveData                      0x08002bc7   Thumb Code     4  stm32f10x_spi.o(i.SPI_I2S_ReceiveData)
    SPI_I2S_SendData                         0x08002bcb   Thumb Code     4  stm32f10x_spi.o(i.SPI_I2S_SendData)
    SPI_Init                                 0x08002bcf   Thumb Code    56  stm32f10x_spi.o(i.SPI_Init)
    SV17F_MP3_Specify                        0x08002c07   Thumb Code    56  usart2_driver.o(i.SV17F_MP3_Specify)
    SVC_Handler                              0x08002c3f   Thumb Code     2  stm32f10x_it.o(i.SVC_Handler)
    Screen_Admi                              0x08002c41   Thumb Code   654  lcd_test.o(i.Screen_Admi)
    Screen_DevInf                            0x08002ef5   Thumb Code    42  lcd_test.o(i.Screen_DevInf)
    Screen_Error                             0x08002f25   Thumb Code    32  lcd_test.o(i.Screen_Error)
    Screen_HOME                              0x08002f49   Thumb Code  1658  lcd_test.o(i.Screen_HOME)
    Screen_IFBAG                             0x080035c9   Thumb Code   702  lcd_test.o(i.Screen_IFBAG)
    Screen_IFBottle                          0x08003891   Thumb Code   712  lcd_test.o(i.Screen_IFBottle)
    Screen_Injector                          0x08003b79   Thumb Code   416  lcd_test.o(i.Screen_Injector)
    Screen_Language                          0x08003d21   Thumb Code   104  lcd_test.o(i.Screen_Language)
    Screen_O3Bag                             0x08003d91   Thumb Code   618  lcd_test.o(i.Screen_O3Bag)
    Screen_O3Hydrate                         0x0800401d   Thumb Code   456  lcd_test.o(i.Screen_O3Hydrate)
    Screen_ProSet                            0x080041ed   Thumb Code   730  lcd_test.o(i.Screen_ProSet)
    Screen_Ration                            0x08004511   Thumb Code   730  lcd_test.o(i.Screen_Ration)
    Screen_Setting                           0x080047f5   Thumb Code   274  lcd_test.o(i.Screen_Setting)
    Screen_SuctionCup                        0x0800491d   Thumb Code   614  lcd_test.o(i.Screen_SuctionCup)
    Screen_Test                              0x08004ba1   Thumb Code    66  lcd_test.o(i.Screen_Test)
    Screen_Welcome                           0x08004bed   Thumb Code    32  lcd_test.o(i.Screen_Welcome)
    Str_memset                               0x08004cb9   Thumb Code    16  basic_lib.o(i.Str_memset)
    SysTick_CLKSourceConfig                  0x08004cc9   Thumb Code    24  misc.o(i.SysTick_CLKSourceConfig)
    SysTick_Handler                          0x08004ce1   Thumb Code    28  delay.o(i.SysTick_Handler)
    SystemGPIO                               0x08004d01   Thumb Code   142  sysio_init.o(i.SystemGPIO)
    SystemInit                               0x08004da5   Thumb Code    64  system_stm32f10x.o(i.SystemInit)
    TIM2_IRQHandler                          0x08004df5   Thumb Code   150  ctr_task.o(i.TIM2_IRQHandler)
    TIM2_Int_Init                            0x08004e95   Thumb Code    92  timer.o(i.TIM2_Int_Init)
    TIM3_PWM_Init                            0x08004ef1   Thumb Code   126  timer.o(i.TIM3_PWM_Init)
    TIM4_PWM_Init                            0x08004f79   Thumb Code   128  timer.o(i.TIM4_PWM_Init)
    TIM5_PWM_Init                            0x08005001   Thumb Code   124  timer.o(i.TIM5_PWM_Init)
    TIM_ClearITPendingBit                    0x08005085   Thumb Code     6  stm32f10x_tim.o(i.TIM_ClearITPendingBit)
    TIM_Cmd                                  0x0800508b   Thumb Code    20  stm32f10x_tim.o(i.TIM_Cmd)
    TIM_GetITStatus                          0x0800509f   Thumb Code    24  stm32f10x_tim.o(i.TIM_GetITStatus)
    TIM_ITConfig                             0x080050b7   Thumb Code    16  stm32f10x_tim.o(i.TIM_ITConfig)
    TIM_OC2Init                              0x080050c9   Thumb Code   120  stm32f10x_tim.o(i.TIM_OC2Init)
    TIM_OC3Init                              0x08005149   Thumb Code   116  stm32f10x_tim.o(i.TIM_OC3Init)
    TIM_SetCompare2                          0x080051c5   Thumb Code     4  stm32f10x_tim.o(i.TIM_SetCompare2)
    TIM_SetCompare3                          0x080051c9   Thumb Code     4  stm32f10x_tim.o(i.TIM_SetCompare3)
    TIM_TimeBaseInit                         0x080051cd   Thumb Code   114  stm32f10x_tim.o(i.TIM_TimeBaseInit)
    USART1_IRQHandler                        0x08005269   Thumb Code    94  usart.o(i.USART1_IRQHandler)
    USART2_Init                              0x080052d5   Thumb Code   174  usart2_driver.o(i.USART2_Init)
    USART2_SendByte                          0x0800538d   Thumb Code    40  usart2_driver.o(i.USART2_SendByte)
    USART3_IRQHandler                        0x080053b9   Thumb Code   158  usart3_driver.o(i.USART3_IRQHandler)
    USART3_Init                              0x08005469   Thumb Code   172  usart3_driver.o(i.USART3_Init)
    USART3_SendData                          0x0800551d   Thumb Code    28  usart3_driver.o(i.USART3_SendData)
    USART3_Sendbyte                          0x08005539   Thumb Code    40  usart3_driver.o(i.USART3_Sendbyte)
    USART_ClearFlag                          0x08005565   Thumb Code     6  stm32f10x_usart.o(i.USART_ClearFlag)
    USART_ClearITPendingBit                  0x0800556b   Thumb Code    12  stm32f10x_usart.o(i.USART_ClearITPendingBit)
    USART_Cmd                                0x08005577   Thumb Code    20  stm32f10x_usart.o(i.USART_Cmd)
    USART_DeInit                             0x0800558d   Thumb Code    96  stm32f10x_usart.o(i.USART_DeInit)
    USART_GetFlagStatus                      0x08005601   Thumb Code    14  stm32f10x_usart.o(i.USART_GetFlagStatus)
    USART_GetITStatus                        0x0800560f   Thumb Code    62  stm32f10x_usart.o(i.USART_GetITStatus)
    USART_ITConfig                           0x0800564d   Thumb Code    48  stm32f10x_usart.o(i.USART_ITConfig)
    USART_Init                               0x0800567d   Thumb Code   166  stm32f10x_usart.o(i.USART_Init)
    USART_ReceiveData                        0x08005729   Thumb Code     8  stm32f10x_usart.o(i.USART_ReceiveData)
    USART_SendData                           0x08005731   Thumb Code     8  stm32f10x_usart.o(i.USART_SendData)
    UsageFault_Handler                       0x08005739   Thumb Code     2  stm32f10x_it.o(i.UsageFault_Handler)
    Variables_init                           0x0800573d   Thumb Code    22  common.o(i.Variables_init)
    W25QXX_Erase_Sector                      0x08005759   Thumb Code    64  w25qxx.o(i.W25QXX_Erase_Sector)
    W25QXX_Init                              0x0800579d   Thumb Code    76  w25qxx.o(i.W25QXX_Init)
    W25QXX_Read                              0x080057f5   Thumb Code    76  w25qxx.o(i.W25QXX_Read)
    W25QXX_ReadID                            0x08005845   Thumb Code    62  w25qxx.o(i.W25QXX_ReadID)
    W25QXX_ReadSR                            0x08005889   Thumb Code    32  w25qxx.o(i.W25QXX_ReadSR)
    W25QXX_Wait_Busy                         0x080058ad   Thumb Code    14  w25qxx.o(i.W25QXX_Wait_Busy)
    W25QXX_Write                             0x080058bd   Thumb Code   152  w25qxx.o(i.W25QXX_Write)
    W25QXX_Write_Enable                      0x08005959   Thumb Code    26  w25qxx.o(i.W25QXX_Write_Enable)
    W25QXX_Write_NoCheck                     0x08005979   Thumb Code    62  w25qxx.o(i.W25QXX_Write_NoCheck)
    W25QXX_Write_Page                        0x080059b9   Thumb Code    82  w25qxx.o(i.W25QXX_Write_Page)
    __kernel_poly                            0x08005a11   Thumb Code   170  poly.o(i.__kernel_poly)
    __mathlib_dbl_divzero                    0x08005abd   Thumb Code    12  dunder.o(i.__mathlib_dbl_divzero)
    __mathlib_dbl_infnan                     0x08005acd   Thumb Code     6  dunder.o(i.__mathlib_dbl_infnan)
    __mathlib_dbl_invalid                    0x08005ad3   Thumb Code    12  dunder.o(i.__mathlib_dbl_invalid)
    _is_digit                                0x08005adf   Thumb Code    14  __printf_wp.o(i._is_digit)
    _sys_exit                                0x08005aed   Thumb Code     2  usart.o(i._sys_exit)
    adc_task                                 0x08005af1   Thumb Code   824  adc_task.o(i.adc_task)
    compare_array                            0x08005e99   Thumb Code    30  basic_lib.o(i.compare_array)
    ctr_task                                 0x08005eb9   Thumb Code  2586  ctr_task.o(i.ctr_task)
    delay_init                               0x080068f1   Thumb Code    62  delay.o(i.delay_init)
    delay_ms                                 0x0800693d   Thumb Code    56  delay.o(i.delay_ms)
    delay_us                                 0x08006981   Thumb Code    62  delay.o(i.delay_us)
    dis_countdown                            0x080069c5   Thumb Code    94  function.o(i.dis_countdown)
    dis_density                              0x08006a23   Thumb Code    38  function.o(i.dis_density)
    dis_vac_bar                              0x08006a49   Thumb Code    64  function.o(i.dis_vac_bar)
    fputc                                    0x08006a99   Thumb Code    18  usart.o(i.fputc)
    lcd_task                                 0x08006ab1   Thumb Code   458  lcd_test.o(i.lcd_task)
    led_task                                 0x08006c9d   Thumb Code   786  led_test.o(i.led_task)
    log                                      0x08007015   Thumb Code   808  log.o(i.log)
    main                                     0x08007371   Thumb Code    42  main.o(i.main)
    map                                      0x080073a5   Thumb Code    20  basic_lib.o(i.map)
    myIntToStr                               0x080073b9   Thumb Code    52  basic_lib.o(i.myIntToStr)
    start_task                               0x080073ed   Thumb Code    76  main.o(i.start_task)
    tmr1_callback                            0x08007459   Thumb Code    94  ctr_task.o(i.tmr1_callback)
    uart_init                                0x080074bd   Thumb Code   152  usart.o(i.uart_init)
    __aeabi_d2f                              0x0800755d   Thumb Code     0  d2f.o(x$fpl$d2f)
    _d2f                                     0x0800755d   Thumb Code    98  d2f.o(x$fpl$d2f)
    __aeabi_dadd                             0x080075c1   Thumb Code     0  daddsub_clz.o(x$fpl$dadd)
    _dadd                                    0x080075c1   Thumb Code   332  daddsub_clz.o(x$fpl$dadd)
    __fpl_dcheck_NaN1                        0x08007711   Thumb Code    10  dcheck1.o(x$fpl$dcheck1)
    __fpl_dcmp_Inf                           0x08007721   Thumb Code    24  dcmpi.o(x$fpl$dcmpinf)
    __aeabi_ddiv                             0x08007739   Thumb Code     0  ddiv.o(x$fpl$ddiv)
    _ddiv                                    0x08007739   Thumb Code   552  ddiv.o(x$fpl$ddiv)
    __aeabi_cdcmpeq                          0x080079e9   Thumb Code     0  deqf.o(x$fpl$deqf)
    _dcmpeq                                  0x080079e9   Thumb Code   120  deqf.o(x$fpl$deqf)
    __aeabi_i2d                              0x08007a61   Thumb Code     0  dflt_clz.o(x$fpl$dflt)
    _dflt                                    0x08007a61   Thumb Code    46  dflt_clz.o(x$fpl$dflt)
    __aeabi_dmul                             0x08007a91   Thumb Code     0  dmul.o(x$fpl$dmul)
    _dmul                                    0x08007a91   Thumb Code   332  dmul.o(x$fpl$dmul)
    __fpl_dnaninf                            0x08007be5   Thumb Code   156  dnaninf.o(x$fpl$dnaninf)
    __fpl_dretinf                            0x08007c81   Thumb Code    12  dretinf.o(x$fpl$dretinf)
    __aeabi_drsub                            0x08007c8d   Thumb Code     0  daddsub_clz.o(x$fpl$drsb)
    _drsb                                    0x08007c8d   Thumb Code    22  daddsub_clz.o(x$fpl$drsb)
    __aeabi_dsub                             0x08007ca5   Thumb Code     0  daddsub_clz.o(x$fpl$dsub)
    _dsub                                    0x08007ca5   Thumb Code   464  daddsub_clz.o(x$fpl$dsub)
    __aeabi_f2d                              0x08007e79   Thumb Code     0  f2d.o(x$fpl$f2d)
    _f2d                                     0x08007e79   Thumb Code    86  f2d.o(x$fpl$f2d)
    __aeabi_fadd                             0x08007ed1   Thumb Code     0  faddsub_clz.o(x$fpl$fadd)
    _fadd                                    0x08007ed1   Thumb Code   196  faddsub_clz.o(x$fpl$fadd)
    __fpl_fcmp_Inf                           0x08007f95   Thumb Code    24  fcmpi.o(x$fpl$fcmpinf)
    __aeabi_fdiv                             0x08007fad   Thumb Code     0  fdiv.o(x$fpl$fdiv)
    _fdiv                                    0x08007fad   Thumb Code   384  fdiv.o(x$fpl$fdiv)
    __aeabi_f2iz                             0x08008131   Thumb Code     0  ffix.o(x$fpl$ffix)
    _ffix                                    0x08008131   Thumb Code    54  ffix.o(x$fpl$ffix)
    __aeabi_f2uiz                            0x08008169   Thumb Code     0  ffixu.o(x$fpl$ffixu)
    _ffixu                                   0x08008169   Thumb Code    62  ffixu.o(x$fpl$ffixu)
    __aeabi_i2f                              0x080081a9   Thumb Code     0  fflt_clz.o(x$fpl$fflt)
    _fflt                                    0x080081a9   Thumb Code    48  fflt_clz.o(x$fpl$fflt)
    __aeabi_ui2f                             0x080081d9   Thumb Code     0  fflt_clz.o(x$fpl$ffltu)
    _ffltu                                   0x080081d9   Thumb Code    38  fflt_clz.o(x$fpl$ffltu)
    __aeabi_cfcmple                          0x08008201   Thumb Code     0  fleqf.o(x$fpl$fleqf)
    _fcmple                                  0x08008201   Thumb Code   104  fleqf.o(x$fpl$fleqf)
    __fpl_fcmple_InfNaN                      0x08008253   Thumb Code     0  fleqf.o(x$fpl$fleqf)
    __aeabi_fmul                             0x08008269   Thumb Code     0  fmul.o(x$fpl$fmul)
    _fmul                                    0x08008269   Thumb Code   258  fmul.o(x$fpl$fmul)
    __fpl_fnaninf                            0x0800836b   Thumb Code   140  fnaninf.o(x$fpl$fnaninf)
    __fpl_fretinf                            0x080083f7   Thumb Code    10  fretinf.o(x$fpl$fretinf)
    __aeabi_cfrcmple                         0x08008401   Thumb Code     0  frleqf.o(x$fpl$frleqf)
    _frcmple                                 0x08008401   Thumb Code    98  frleqf.o(x$fpl$frleqf)
    __aeabi_fsub                             0x08008465   Thumb Code     0  faddsub_clz.o(x$fpl$fsub)
    _fsub                                    0x08008465   Thumb Code   234  faddsub_clz.o(x$fpl$fsub)
    __fpl_return_NaN                         0x0800854f   Thumb Code   100  retnan.o(x$fpl$retnan)
    __ARM_scalbn                             0x080085b3   Thumb Code    92  scalbn.o(x$fpl$scalbn)
    __fpl_cmpreturn                          0x0800860f   Thumb Code    48  trapv.o(x$fpl$trapveneer)
    __I$use$fp                               0x0800863e   Number         0  usenofp.o(x$fpl$usenofp)
    write_flash                              0x08008640   Data          10  led_test.o(.constdata)
    OSUnMapTbl                               0x08008660   Data         256  os_core.o(.constdata)
    __mathlib_zero                           0x080087d8   Data           8  qnan.o(.constdata)
    Region$$Table$$Base                      0x080087e0   Number         0  anon$$obj.o(Region$$Table)
    Region$$Table$$Limit                     0x08008800   Number         0  anon$$obj.o(Region$$Table)
    Density_Adj_P                            0x20000000   Data          18  common.o(.data)
    err                                      0x20000014   Data           1  ctr_task.o(.data)
    tmr1                                     0x2000001c   Data           4  ctr_task.o(.data)
    input_sta                                0x20000024   Data           1  lcd_test.o(.data)
    New_language                             0x20000025   Data           1  lcd_test.o(.data)
    Ready                                    0x20000026   Data           1  lcd_test.o(.data)
    Back_Light                               0x2000002e   Data           2  lcd_test.o(.data)
    num_value                                0x20000048   Data           8  lcd_test.o(.data)
    versions_B                               0x20000050   Data          14  lcd_test.o(.data)
    versions_A                               0x2000005e   Data          14  lcd_test.o(.data)
    SystemCoreClock                          0x2000006c   Data           4  system_stm32f10x.o(.data)
    AHBPrescTable                            0x20000070   Data          16  system_stm32f10x.o(.data)
    GET_Time_Data                            0x20000082   Data           1  usart3_driver.o(.data)
    BT_CMD                                   0x20000084   Data           2  usart3_driver.o(.data)
    BT_KEY                                   0x20000086   Data           2  usart3_driver.o(.data)
    W25QXX_TYPE                              0x20000088   Data           2  w25qxx.o(.data)
    USART_RX_STA                             0x2000008e   Data           2  usart.o(.data)
    __stdout                                 0x20000090   Data           4  usart.o(.data)
    OSCPUUsage                               0x200000a8   Data           1  os_core.o(.data)
    OSStatRdy                                0x200000a9   Data           1  os_core.o(.data)
    OSIntNesting                             0x200000aa   Data           1  os_core.o(.data)
    OSLockNesting                            0x200000ab   Data           1  os_core.o(.data)
    OSPrioCur                                0x200000ac   Data           1  os_core.o(.data)
    OSPrioHighRdy                            0x200000ad   Data           1  os_core.o(.data)
    OSRdyGrp                                 0x200000ae   Data           1  os_core.o(.data)
    OSRunning                                0x200000af   Data           1  os_core.o(.data)
    OSTaskCtr                                0x200000b0   Data           1  os_core.o(.data)
    OSTickStepState                          0x200000b1   Data           1  os_core.o(.data)
    OSCtxSwCtr                               0x200000b4   Data           4  os_core.o(.data)
    OSEventFreeList                          0x200000b8   Data           4  os_core.o(.data)
    OSIdleCtrMax                             0x200000bc   Data           4  os_core.o(.data)
    OSIdleCtrRun                             0x200000c0   Data           4  os_core.o(.data)
    OSIdleCtr                                0x200000c4   Data           4  os_core.o(.data)
    OSTCBCur                                 0x200000c8   Data           4  os_core.o(.data)
    OSTCBFreeList                            0x200000cc   Data           4  os_core.o(.data)
    OSTCBHighRdy                             0x200000d0   Data           4  os_core.o(.data)
    OSTCBList                                0x200000d4   Data           4  os_core.o(.data)
    OSTime                                   0x200000d8   Data           4  os_core.o(.data)
    OSRdyTbl                                 0x200000dc   Data           8  os_core.o(.data)
    OSFlagFreeList                           0x200000e4   Data           4  os_core.o(.data)
    OSQFreeList                              0x200000e8   Data           4  os_core.o(.data)
    OSTmrFree                                0x200000ec   Data           2  os_core.o(.data)
    OSTmrUsed                                0x200000ee   Data           2  os_core.o(.data)
    OSTmrTime                                0x200000f0   Data           4  os_core.o(.data)
    OSTmrSem                                 0x200000f4   Data           4  os_core.o(.data)
    OSTmrSemSignal                           0x200000f8   Data           4  os_core.o(.data)
    OSTmrFreeList                            0x200000fc   Data           4  os_core.o(.data)
    Density_P                                0x20000104   Data         160  common.o(.bss)
    START_TASK_STK                           0x200001a4   Data         256  main.o(.bss)
    LED_TASK_STK                             0x200002a4   Data         256  main.o(.bss)
    ADC_TASK_STK                             0x200003a4   Data         256  main.o(.bss)
    LCD_TASK_STK                             0x200004a4   Data        2048  main.o(.bss)
    CTR_TASK_STK                             0x20000ca4   Data         512  main.o(.bss)
    sys_var                                  0x20000f44   Data          52  lcd_test.o(.bss)
    him_rx_buf                               0x20000f78   Data          50  usart3_driver.o(.bss)
    uirxbuf                                  0x20000faa   Data          50  usart3_driver.o(.bss)
    W25QXX_BUFFER                            0x20000fdc   Data        4096  w25qxx.o(.bss)
    ADC1ConvertedValue                       0x20001fdc   Data         100  adc.o(.bss)
    USART_RX_BUF                             0x20002040   Data         200  usart.o(.bss)
    OSEventTbl                               0x20002108   Data         200  os_core.o(.bss)
    OSTaskStatStk                            0x200021d0   Data         512  os_core.o(.bss)
    OSTaskIdleStk                            0x200023d0   Data         512  os_core.o(.bss)
    OSTCBPrioTbl                             0x200025d0   Data         256  os_core.o(.bss)
    OSTCBTbl                                 0x200026d0   Data        1008  os_core.o(.bss)
    OSFlagTbl                                0x20002ac0   Data          80  os_core.o(.bss)
    OSQTbl                                   0x20002b10   Data         120  os_core.o(.bss)
    OSTmrTbl                                 0x20002b88   Data         640  os_core.o(.bss)
    OSTmrTaskStk                             0x20002e08   Data         512  os_core.o(.bss)
    OSTmrWheelTbl                            0x20003008   Data          64  os_core.o(.bss)
    __libspace_start                         0x20003048   Data          96  libspace.o(.bss)
    __temporary_stack_top$libspace           0x200030a8   Data           0  libspace.o(.bss)



==============================================================================

Memory Map of the image

  Image Entry point : 0x080001e1

  Load Region LR_1 (Base: 0x08000000, Size: 0x00008904, Max: 0xffffffff, ABSOLUTE)

    Execution Region ER_RO (Exec base: 0x08000000, Load base: 0x08000000, Size: 0x00008800, Max: 0xffffffff, ABSOLUTE)

    Exec Addr    Load Addr    Size         Type   Attr      Idx    E Section Name        Object

    0x08000000   0x08000000   0x00000130   Data   RO         1534    RESET               startup_stm32f10x_hd.o
    0x08000130   0x08000130   0x00000008   Code   RO         3921  * !!!main             c_w.l(__main.o)
    0x08000138   0x08000138   0x00000034   Code   RO         4202    !!!scatter          c_w.l(__scatter.o)
    0x0800016c   0x0800016c   0x0000001a   Code   RO         4204    !!handler_copy      c_w.l(__scatter_copy.o)
    0x08000186   0x08000186   0x00000002   PAD
    0x08000188   0x08000188   0x0000001c   Code   RO         4206    !!handler_zi        c_w.l(__scatter_zi.o)
    0x080001a4   0x080001a4   0x00000000   Code   RO         3912    .ARM.Collect$$_printf_percent$$00000000  c_w.l(_printf_percent.o)
    0x080001a4   0x080001a4   0x00000006   Code   RO         3911    .ARM.Collect$$_printf_percent$$00000009  c_w.l(_printf_d.o)
    0x080001aa   0x080001aa   0x00000006   Code   RO         3910    .ARM.Collect$$_printf_percent$$0000000C  c_w.l(_printf_x.o)
    0x080001b0   0x080001b0   0x00000006   Code   RO         3909    .ARM.Collect$$_printf_percent$$00000014  c_w.l(_printf_s.o)
    0x080001b6   0x080001b6   0x00000004   Code   RO         4000    .ARM.Collect$$_printf_percent$$00000017  c_w.l(_printf_percent_end.o)
    0x080001ba   0x080001ba   0x00000002   Code   RO         4075    .ARM.Collect$$libinit$$00000000  c_w.l(libinit.o)
    0x080001bc   0x080001bc   0x00000000   Code   RO         4081    .ARM.Collect$$libinit$$00000002  c_w.l(libinit2.o)
    0x080001bc   0x080001bc   0x00000000   Code   RO         4083    .ARM.Collect$$libinit$$00000004  c_w.l(libinit2.o)
    0x080001bc   0x080001bc   0x00000000   Code   RO         4086    .ARM.Collect$$libinit$$0000000A  c_w.l(libinit2.o)
    0x080001bc   0x080001bc   0x00000000   Code   RO         4088    .ARM.Collect$$libinit$$0000000C  c_w.l(libinit2.o)
    0x080001bc   0x080001bc   0x00000000   Code   RO         4090    .ARM.Collect$$libinit$$0000000E  c_w.l(libinit2.o)
    0x080001bc   0x080001bc   0x00000000   Code   RO         4093    .ARM.Collect$$libinit$$00000011  c_w.l(libinit2.o)
    0x080001bc   0x080001bc   0x00000000   Code   RO         4095    .ARM.Collect$$libinit$$00000013  c_w.l(libinit2.o)
    0x080001bc   0x080001bc   0x00000000   Code   RO         4097    .ARM.Collect$$libinit$$00000015  c_w.l(libinit2.o)
    0x080001bc   0x080001bc   0x00000000   Code   RO         4099    .ARM.Collect$$libinit$$00000017  c_w.l(libinit2.o)
    0x080001bc   0x080001bc   0x00000000   Code   RO         4101    .ARM.Collect$$libinit$$00000019  c_w.l(libinit2.o)
    0x080001bc   0x080001bc   0x00000000   Code   RO         4103    .ARM.Collect$$libinit$$0000001B  c_w.l(libinit2.o)
    0x080001bc   0x080001bc   0x00000000   Code   RO         4105    .ARM.Collect$$libinit$$0000001D  c_w.l(libinit2.o)
    0x080001bc   0x080001bc   0x00000000   Code   RO         4107    .ARM.Collect$$libinit$$0000001F  c_w.l(libinit2.o)
    0x080001bc   0x080001bc   0x00000000   Code   RO         4109    .ARM.Collect$$libinit$$00000021  c_w.l(libinit2.o)
    0x080001bc   0x080001bc   0x00000000   Code   RO         4111    .ARM.Collect$$libinit$$00000023  c_w.l(libinit2.o)
    0x080001bc   0x080001bc   0x00000000   Code   RO         4113    .ARM.Collect$$libinit$$00000025  c_w.l(libinit2.o)
    0x080001bc   0x080001bc   0x00000000   Code   RO         4117    .ARM.Collect$$libinit$$0000002C  c_w.l(libinit2.o)
    0x080001bc   0x080001bc   0x00000000   Code   RO         4119    .ARM.Collect$$libinit$$0000002E  c_w.l(libinit2.o)
    0x080001bc   0x080001bc   0x00000000   Code   RO         4121    .ARM.Collect$$libinit$$00000030  c_w.l(libinit2.o)
    0x080001bc   0x080001bc   0x00000000   Code   RO         4123    .ARM.Collect$$libinit$$00000032  c_w.l(libinit2.o)
    0x080001bc   0x080001bc   0x00000002   Code   RO         4124    .ARM.Collect$$libinit$$00000033  c_w.l(libinit2.o)
    0x080001be   0x080001be   0x00000002   Code   RO         4144    .ARM.Collect$$libshutdown$$00000000  c_w.l(libshutdown.o)
    0x080001c0   0x080001c0   0x00000000   Code   RO         4154    .ARM.Collect$$libshutdown$$00000002  c_w.l(libshutdown2.o)
    0x080001c0   0x080001c0   0x00000000   Code   RO         4156    .ARM.Collect$$libshutdown$$00000004  c_w.l(libshutdown2.o)
    0x080001c0   0x080001c0   0x00000000   Code   RO         4159    .ARM.Collect$$libshutdown$$00000007  c_w.l(libshutdown2.o)
    0x080001c0   0x080001c0   0x00000000   Code   RO         4162    .ARM.Collect$$libshutdown$$0000000A  c_w.l(libshutdown2.o)
    0x080001c0   0x080001c0   0x00000000   Code   RO         4164    .ARM.Collect$$libshutdown$$0000000C  c_w.l(libshutdown2.o)
    0x080001c0   0x080001c0   0x00000000   Code   RO         4167    .ARM.Collect$$libshutdown$$0000000F  c_w.l(libshutdown2.o)
    0x080001c0   0x080001c0   0x00000002   Code   RO         4168    .ARM.Collect$$libshutdown$$00000010  c_w.l(libshutdown2.o)
    0x080001c2   0x080001c2   0x00000000   Code   RO         3987    .ARM.Collect$$rtentry$$00000000  c_w.l(__rtentry.o)
    0x080001c2   0x080001c2   0x00000000   Code   RO         4034    .ARM.Collect$$rtentry$$00000002  c_w.l(__rtentry2.o)
    0x080001c2   0x080001c2   0x00000006   Code   RO         4046    .ARM.Collect$$rtentry$$00000004  c_w.l(__rtentry4.o)
    0x080001c8   0x080001c8   0x00000000   Code   RO         4036    .ARM.Collect$$rtentry$$00000009  c_w.l(__rtentry2.o)
    0x080001c8   0x080001c8   0x00000004   Code   RO         4037    .ARM.Collect$$rtentry$$0000000A  c_w.l(__rtentry2.o)
    0x080001cc   0x080001cc   0x00000000   Code   RO         4039    .ARM.Collect$$rtentry$$0000000C  c_w.l(__rtentry2.o)
    0x080001cc   0x080001cc   0x00000008   Code   RO         4040    .ARM.Collect$$rtentry$$0000000D  c_w.l(__rtentry2.o)
    0x080001d4   0x080001d4   0x00000002   Code   RO         4078    .ARM.Collect$$rtexit$$00000000  c_w.l(rtexit.o)
    0x080001d6   0x080001d6   0x00000000   Code   RO         4128    .ARM.Collect$$rtexit$$00000002  c_w.l(rtexit2.o)
    0x080001d6   0x080001d6   0x00000004   Code   RO         4129    .ARM.Collect$$rtexit$$00000003  c_w.l(rtexit2.o)
    0x080001da   0x080001da   0x00000006   Code   RO         4130    .ARM.Collect$$rtexit$$00000004  c_w.l(rtexit2.o)
    0x080001e0   0x080001e0   0x00000040   Code   RO         1535  * .text               startup_stm32f10x_hd.o
    0x08000220   0x08000220   0x000000b4   Code   RO         3759    .text               os_cpu_a.o
    0x080002d4   0x080002d4   0x00000002   Code   RO         3850    .text               c_w.l(use_no_semi_2.o)
    0x080002d6   0x080002d6   0x00000002   PAD
    0x080002d8   0x080002d8   0x00000018   Code   RO         3856    .text               c_w.l(noretval__2printf.o)
    0x080002f0   0x080002f0   0x00000052   Code   RO         3864    .text               c_w.l(_printf_str.o)
    0x08000342   0x08000342   0x00000002   PAD
    0x08000344   0x08000344   0x00000078   Code   RO         3866    .text               c_w.l(_printf_dec.o)
    0x080003bc   0x080003bc   0x00000058   Code   RO         3871    .text               c_w.l(_printf_hex_int.o)
    0x08000414   0x08000414   0x00000138   Code   RO         3901    .text               c_w.l(__printf_flags_wp.o)
    0x0800054c   0x0800054c   0x0000003e   Code   RO         3913    .text               c_w.l(strlen.o)
    0x0800058a   0x0800058a   0x00000064   Code   RO         3915    .text               c_w.l(rt_memcpy_w.o)
    0x080005ee   0x080005ee   0x0000004e   Code   RO         3917    .text               c_w.l(rt_memclr_w.o)
    0x0800063c   0x0800063c   0x00000006   Code   RO         3919    .text               c_w.l(heapauxi.o)
    0x08000642   0x08000642   0x00000002   Code   RO         3985    .text               c_w.l(use_no_semi.o)
    0x08000644   0x08000644   0x00000016   Code   RO         3988    .text               c_w.l(_rserrno.o)
    0x0800065a   0x0800065a   0x000000b2   Code   RO         3990    .text               c_w.l(_printf_intcommon.o)
    0x0800070c   0x0800070c   0x00000030   Code   RO         3992    .text               c_w.l(_printf_char_common.o)
    0x0800073c   0x0800073c   0x0000002c   Code   RO         3996    .text               c_w.l(_printf_char.o)
    0x08000768   0x08000768   0x00000024   Code   RO         3998    .text               c_w.l(_printf_char_file.o)
    0x0800078c   0x0800078c   0x00000008   Code   RO         4051    .text               c_w.l(rt_errno_addr_intlibspace.o)
    0x08000794   0x08000794   0x00000008   Code   RO         4055    .text               c_w.l(ferror.o)
    0x0800079c   0x0800079c   0x00000008   Code   RO         4063    .text               c_w.l(libspace.o)
    0x080007a4   0x080007a4   0x0000004a   Code   RO         4066    .text               c_w.l(sys_stackheap_outer.o)
    0x080007ee   0x080007ee   0x00000012   Code   RO         4068    .text               c_w.l(exit.o)
    0x08000800   0x08000800   0x00000014   Code   RO         2776    i.ADC_Cmd           stm32f10x_adc.o
    0x08000814   0x08000814   0x00000014   Code   RO         2777    i.ADC_DMACmd        stm32f10x_adc.o
    0x08000828   0x08000828   0x0000000e   Code   RO         2784    i.ADC_GetCalibrationStatus  stm32f10x_adc.o
    0x08000836   0x08000836   0x0000000e   Code   RO         2790    i.ADC_GetResetCalibrationStatus  stm32f10x_adc.o
    0x08000844   0x08000844   0x00000048   Code   RO         2794    i.ADC_Init          stm32f10x_adc.o
    0x0800088c   0x0800088c   0x00000074   Code   RO         2798    i.ADC_RegularChannelConfig  stm32f10x_adc.o
    0x08000900   0x08000900   0x0000000a   Code   RO         2799    i.ADC_ResetCalibration  stm32f10x_adc.o
    0x0800090a   0x0800090a   0x00000014   Code   RO         2801    i.ADC_SoftwareStartConvCmd  stm32f10x_adc.o
    0x0800091e   0x0800091e   0x0000000a   Code   RO         2803    i.ADC_StartCalibration  stm32f10x_adc.o
    0x08000928   0x08000928   0x00000074   Code   RO          203    i.ALL_Init          common.o
    0x0800099c   0x0800099c   0x00000130   Code   RO         1284    i.Adc_Init          adc.o
    0x08000acc   0x08000acc   0x00000002   Code   RO          532    i.BusFault_Handler  stm32f10x_it.o
    0x08000ace   0x08000ace   0x00000016   Code   RO         2994    i.DMA_Cmd           stm32f10x_dma.o
    0x08000ae4   0x08000ae4   0x000000e4   Code   RO         2995    i.DMA_DeInit        stm32f10x_dma.o
    0x08000bc8   0x08000bc8   0x0000003a   Code   RO         3000    i.DMA_Init          stm32f10x_dma.o
    0x08000c02   0x08000c02   0x00000002   PAD
    0x08000c04   0x08000c04   0x00000124   Code   RO          278    i.Deal_Language     function.o
    0x08000d28   0x08000d28   0x00000002   Code   RO          533    i.DebugMon_Handler  stm32f10x_it.o
    0x08000d2a   0x08000d2a   0x00000002   PAD
    0x08000d2c   0x08000d2c   0x00000058   Code   RO          279    i.Dis_CV_BAS        function.o
    0x08000d84   0x08000d84   0x0000005c   Code   RO          280    i.Dis_SP_BAS        function.o
    0x08000de0   0x08000de0   0x00000076   Code   RO          690    i.EEPROM_ReadSeq    at24c64_driver.o
    0x08000e56   0x08000e56   0x00000002   PAD
    0x08000e58   0x08000e58   0x000000da   Code   RO          691    i.EEPROM_WriteSeq   at24c64_driver.o
    0x08000f32   0x08000f32   0x00000002   PAD
    0x08000f34   0x08000f34   0x00000080   Code   RO          409    i.ERP_Check         lcd_test.o
    0x08000fb4   0x08000fb4   0x000000a2   Code   RO         1581    i.GPIO_Init         stm32f10x_gpio.o
    0x08001056   0x08001056   0x00000002   PAD
    0x08001058   0x08001058   0x00000058   Code   RO         1583    i.GPIO_PinRemapConfig  stm32f10x_gpio.o
    0x080010b0   0x080010b0   0x0000000e   Code   RO         1585    i.GPIO_ReadInputDataBit  stm32f10x_gpio.o
    0x080010be   0x080010be   0x00000004   Code   RO         1588    i.GPIO_ResetBits    stm32f10x_gpio.o
    0x080010c2   0x080010c2   0x00000004   Code   RO         1589    i.GPIO_SetBits      stm32f10x_gpio.o
    0x080010c6   0x080010c6   0x00000002   PAD
    0x080010c8   0x080010c8   0x00000044   Code   RO          898    i.GetButtonData     usart3_driver.o
    0x0800110c   0x0800110c   0x0000002c   Code   RO         1285    i.Get_AdcValue      adc.o
    0x08001138   0x08001138   0x00000044   Code   RO         1363    i.Get_Temp          ntc.o
    0x0800117c   0x0800117c   0x00000036   Code   RO          759    i.HIM_HandShake     hmi_driver.o
    0x080011b2   0x080011b2   0x00000052   Code   RO         1386    i.HIM_SCR_ID        hmi_driver_t5.o
    0x08001204   0x08001204   0x00000044   Code   RO          763    i.HMI_BackLightCtrl  hmi_driver.o
    0x08001248   0x08001248   0x0000000e   Code   RO          764    i.HMI_ChangeScreen  hmi_driver.o
    0x08001256   0x08001256   0x000000b2   Code   RO          767    i.HMI_PictureCopy_S_T_xy  hmi_driver.o
    0x08001308   0x08001308   0x000000a6   Code   RO          768    i.HMI_PictureCopy_xy  hmi_driver.o
    0x080013ae   0x080013ae   0x00000046   Code   RO          770    i.HMI_ReadVarCmd    hmi_driver.o
    0x080013f4   0x080013f4   0x00000004   Code   RO          771    i.HMI_SendData      hmi_driver.o
    0x080013f8   0x080013f8   0x0000002c   Code   RO          772    i.HMI_ShowNumber    hmi_driver.o
    0x08001424   0x08001424   0x0000002c   Code   RO          773    i.HMI_ShowNumber_int  hmi_driver.o
    0x08001450   0x08001450   0x0000000c   Code   RO          774    i.HMI_TXIconVal     hmi_driver.o
    0x0800145c   0x0800145c   0x0000000c   Code   RO          775    i.HMI_TXIntToEdit   hmi_driver.o
    0x08001468   0x08001468   0x00000072   Code   RO          776    i.HMI_TXStrToEdit   hmi_driver.o
    0x080014da   0x080014da   0x00000058   Code   RO          777    i.HMI_WriteRegCmd   hmi_driver.o
    0x08001532   0x08001532   0x0000005e   Code   RO          778    i.HMI_WriteVarCmd   hmi_driver.o
    0x08001590   0x08001590   0x00000002   Code   RO          534    i.HardFault_Handler  stm32f10x_it.o
    0x08001592   0x08001592   0x0000000a   Code   RO          692    i.IIC_Delay         at24c64_driver.o
    0x0800159c   0x0800159c   0x0000003c   Code   RO          693    i.IIC_Init          at24c64_driver.o
    0x080015d8   0x080015d8   0x00000054   Code   RO          694    i.IIC_ReceiveByte   at24c64_driver.o
    0x0800162c   0x0800162c   0x00000084   Code   RO          695    i.IIC_SendByte      at24c64_driver.o
    0x080016b0   0x080016b0   0x00000034   Code   RO          696    i.IIC_Send_ACK      at24c64_driver.o
    0x080016e4   0x080016e4   0x0000002c   Code   RO          697    i.IIC_Send_NACK     at24c64_driver.o
    0x08001710   0x08001710   0x00000064   Code   RO          698    i.IIC_Start         at24c64_driver.o
    0x08001774   0x08001774   0x0000002c   Code   RO          699    i.IIC_Stop          at24c64_driver.o
    0x080017a0   0x080017a0   0x000000ea   Code   RO          957    i.IntToStr_Decimal  basic_lib.o
    0x0800188a   0x0800188a   0x00000002   PAD
    0x0800188c   0x0800188c   0x00000024   Code   RO          668    i.KEY_Init          key.o
    0x080018b0   0x080018b0   0x00000050   Code   RO          669    i.KEY_Scan          key.o
    0x08001900   0x08001900   0x00000058   Code   RO          638    i.LED_Init          led.o
    0x08001958   0x08001958   0x00000028   Code   RO         1194    i.MP3_SendCmd       usart2_driver.o
    0x08001980   0x08001980   0x00000078   Code   RO          204    i.Map_Density       common.o
    0x080019f8   0x080019f8   0x00000002   Code   RO          535    i.MemManage_Handler  stm32f10x_it.o
    0x080019fa   0x080019fa   0x00000002   PAD
    0x080019fc   0x080019fc   0x00000018   Code   RO          959    i.MemoryCopy        basic_lib.o
    0x08001a14   0x08001a14   0x00000002   Code   RO          536    i.NMI_Handler       stm32f10x_it.o
    0x08001a16   0x08001a16   0x00000002   PAD
    0x08001a18   0x08001a18   0x00000064   Code   RO         1539    i.NVIC_Init         misc.o
    0x08001a7c   0x08001a7c   0x00000014   Code   RO         1540    i.NVIC_PriorityGroupConfig  misc.o
    0x08001a90   0x08001a90   0x00000118   Code   RO         3064    i.OSInit            os_core.o
    0x08001ba8   0x08001ba8   0x0000000c   Code   RO         3762    i.OSInitHookBegin   os_cpu_c.o
    0x08001bb4   0x08001bb4   0x00000002   Code   RO         3763    i.OSInitHookEnd     os_cpu_c.o
    0x08001bb6   0x08001bb6   0x00000002   PAD
    0x08001bb8   0x08001bb8   0x00000018   Code   RO         3065    i.OSIntEnter        os_core.o
    0x08001bd0   0x08001bd0   0x0000005c   Code   RO         3066    i.OSIntExit         os_core.o
    0x08001c2c   0x08001c2c   0x0000002c   Code   RO         3067    i.OSSchedLock       os_core.o
    0x08001c58   0x08001c58   0x0000003c   Code   RO         3068    i.OSSchedUnlock     os_core.o
    0x08001c94   0x08001c94   0x00000040   Code   RO         3494    i.OSSemCreate       os_sem.o
    0x08001cd4   0x08001cd4   0x000000b8   Code   RO         3496    i.OSSemPend         os_sem.o
    0x08001d8c   0x08001d8c   0x00000052   Code   RO         3498    i.OSSemPost         os_sem.o
    0x08001dde   0x08001dde   0x00000002   PAD
    0x08001de0   0x08001de0   0x00000030   Code   RO         3069    i.OSStart           os_core.o
    0x08001e10   0x08001e10   0x00000034   Code   RO         3070    i.OSStatInit        os_core.o
    0x08001e44   0x08001e44   0x00000002   Code   RO         3764    i.OSTCBInitHook     os_cpu_c.o
    0x08001e46   0x08001e46   0x00000002   PAD
    0x08001e48   0x08001e48   0x00000088   Code   RO         3548    i.OSTaskCreate      os_task.o
    0x08001ed0   0x08001ed0   0x0000009c   Code   RO         3549    i.OSTaskCreateExt   os_task.o
    0x08001f6c   0x08001f6c   0x00000002   Code   RO         3765    i.OSTaskCreateHook  os_cpu_c.o
    0x08001f6e   0x08001f6e   0x00000002   Code   RO         3767    i.OSTaskIdleHook    os_cpu_c.o
    0x08001f70   0x08001f70   0x00000058   Code   RO         3553    i.OSTaskNameSet     os_task.o
    0x08001fc8   0x08001fc8   0x00000002   Code   RO         3769    i.OSTaskStatHook    os_cpu_c.o
    0x08001fca   0x08001fca   0x00000002   PAD
    0x08001fcc   0x08001fcc   0x00000074   Code   RO         3558    i.OSTaskStkChk      os_task.o
    0x08002040   0x08002040   0x00000074   Code   RO         3770    i.OSTaskStkInit     os_cpu_c.o
    0x080020b4   0x080020b4   0x00000090   Code   RO         3559    i.OSTaskSuspend     os_task.o
    0x08002144   0x08002144   0x00000002   Code   RO         3771    i.OSTaskSwHook      os_cpu_c.o
    0x08002146   0x08002146   0x00000002   PAD
    0x08002148   0x08002148   0x00000068   Code   RO         3643    i.OSTimeDly         os_time.o
    0x080021b0   0x080021b0   0x000000a0   Code   RO         3071    i.OSTimeTick        os_core.o
    0x08002250   0x08002250   0x0000001c   Code   RO         3772    i.OSTimeTickHook    os_cpu_c.o
    0x0800226c   0x0800226c   0x00000080   Code   RO         3679    i.OSTmrCreate       os_tmr.o
    0x080022ec   0x080022ec   0x0000000c   Code   RO         3683    i.OSTmrSignal       os_tmr.o
    0x080022f8   0x080022f8   0x00000064   Code   RO         3684    i.OSTmrStart        os_tmr.o
    0x0800235c   0x0800235c   0x000000ec   Code   RO         3688    i.OSTmr_Init        os_tmr.o
    0x08002448   0x08002448   0x0000004c   Code   RO         3689    i.OSTmr_Link        os_tmr.o
    0x08002494   0x08002494   0x00000078   Code   RO         3690    i.OSTmr_Task        os_tmr.o
    0x0800250c   0x0800250c   0x00000040   Code   RO         3691    i.OSTmr_Unlink      os_tmr.o
    0x0800254c   0x0800254c   0x00000064   Code   RO         3074    i.OS_EventTaskRdy   os_core.o
    0x080025b0   0x080025b0   0x00000020   Code   RO         3075    i.OS_EventTaskRemove  os_core.o
    0x080025d0   0x080025d0   0x00000048   Code   RO         3076    i.OS_EventTaskWait  os_core.o
    0x08002618   0x08002618   0x00000014   Code   RO         3077    i.OS_EventWaitListInit  os_core.o
    0x0800262c   0x0800262c   0x00000048   Code   RO         3242    i.OS_FlagInit       os_flag.o
    0x08002674   0x08002674   0x00000070   Code   RO         3078    i.OS_InitTCBList    os_core.o
    0x080026e4   0x080026e4   0x00000012   Code   RO         3079    i.OS_MemClr         os_core.o
    0x080026f6   0x080026f6   0x00000002   PAD
    0x080026f8   0x080026f8   0x00000040   Code   RO         3431    i.OS_QInit          os_q.o
    0x08002738   0x08002738   0x00000048   Code   RO         3081    i.OS_Sched          os_core.o
    0x08002780   0x08002780   0x00000020   Code   RO         3082    i.OS_SchedNew       os_core.o
    0x080027a0   0x080027a0   0x000000ec   Code   RO         3084    i.OS_TCBInit        os_core.o
    0x0800288c   0x0800288c   0x0000001c   Code   RO         3085    i.OS_TaskIdle       os_core.o
    0x080028a8   0x080028a8   0x00000058   Code   RO         3086    i.OS_TaskStat       os_core.o
    0x08002900   0x08002900   0x00000038   Code   RO         3087    i.OS_TaskStatStkChk  os_core.o
    0x08002938   0x08002938   0x00000016   Code   RO         3561    i.OS_TaskStkClr     os_task.o
    0x0800294e   0x0800294e   0x00000002   PAD
    0x08002950   0x08002950   0x0000000c   Code   RO         1312    i.PWM2_OUT          timer.o
    0x0800295c   0x0800295c   0x0000000c   Code   RO         1313    i.PWM3_OUT          timer.o
    0x08002968   0x08002968   0x00000014   Code   RO         1713    i.RCC_ADCCLKConfig  stm32f10x_rcc.o
    0x0800297c   0x0800297c   0x00000018   Code   RO         1714    i.RCC_AHBPeriphClockCmd  stm32f10x_rcc.o
    0x08002994   0x08002994   0x00000018   Code   RO         1715    i.RCC_APB1PeriphClockCmd  stm32f10x_rcc.o
    0x080029ac   0x080029ac   0x00000018   Code   RO         1716    i.RCC_APB1PeriphResetCmd  stm32f10x_rcc.o
    0x080029c4   0x080029c4   0x00000018   Code   RO         1717    i.RCC_APB2PeriphClockCmd  stm32f10x_rcc.o
    0x080029dc   0x080029dc   0x00000018   Code   RO         1718    i.RCC_APB2PeriphResetCmd  stm32f10x_rcc.o
    0x080029f4   0x080029f4   0x00000090   Code   RO         1725    i.RCC_GetClocksFreq  stm32f10x_rcc.o
    0x08002a84   0x08002a84   0x00000020   Code   RO          639    i.RGB_Colour        led.o
    0x08002aa4   0x08002aa4   0x00000094   Code   RO         1063    i.SPI2_Init         spi.o
    0x08002b38   0x08002b38   0x00000050   Code   RO         1064    i.SPI2_ReadWriteByte  spi.o
    0x08002b88   0x08002b88   0x0000001c   Code   RO         1065    i.SPI2_SetSpeed     spi.o
    0x08002ba4   0x08002ba4   0x00000014   Code   RO         2631    i.SPI_Cmd           stm32f10x_spi.o
    0x08002bb8   0x08002bb8   0x0000000e   Code   RO         2639    i.SPI_I2S_GetFlagStatus  stm32f10x_spi.o
    0x08002bc6   0x08002bc6   0x00000004   Code   RO         2642    i.SPI_I2S_ReceiveData  stm32f10x_spi.o
    0x08002bca   0x08002bca   0x00000004   Code   RO         2643    i.SPI_I2S_SendData  stm32f10x_spi.o
    0x08002bce   0x08002bce   0x00000038   Code   RO         2644    i.SPI_Init          stm32f10x_spi.o
    0x08002c06   0x08002c06   0x00000038   Code   RO         1200    i.SV17F_MP3_Specify  usart2_driver.o
    0x08002c3e   0x08002c3e   0x00000002   Code   RO          537    i.SVC_Handler       stm32f10x_it.o
    0x08002c40   0x08002c40   0x000002b4   Code   RO          410    i.Screen_Admi       lcd_test.o
    0x08002ef4   0x08002ef4   0x00000030   Code   RO          411    i.Screen_DevInf     lcd_test.o
    0x08002f24   0x08002f24   0x00000024   Code   RO          412    i.Screen_Error      lcd_test.o
    0x08002f48   0x08002f48   0x00000680   Code   RO          413    i.Screen_HOME       lcd_test.o
    0x080035c8   0x080035c8   0x000002c8   Code   RO          414    i.Screen_IFBAG      lcd_test.o
    0x08003890   0x08003890   0x000002e8   Code   RO          415    i.Screen_IFBottle   lcd_test.o
    0x08003b78   0x08003b78   0x000001a8   Code   RO          416    i.Screen_Injector   lcd_test.o
    0x08003d20   0x08003d20   0x00000070   Code   RO          417    i.Screen_Language   lcd_test.o
    0x08003d90   0x08003d90   0x0000028c   Code   RO          418    i.Screen_O3Bag      lcd_test.o
    0x0800401c   0x0800401c   0x000001d0   Code   RO          419    i.Screen_O3Hydrate  lcd_test.o
    0x080041ec   0x080041ec   0x00000324   Code   RO          420    i.Screen_ProSet     lcd_test.o
    0x08004510   0x08004510   0x000002e4   Code   RO          421    i.Screen_Ration     lcd_test.o
    0x080047f4   0x080047f4   0x00000128   Code   RO          422    i.Screen_Setting    lcd_test.o
    0x0800491c   0x0800491c   0x00000284   Code   RO          423    i.Screen_SuctionCup  lcd_test.o
    0x08004ba0   0x08004ba0   0x0000004c   Code   RO          424    i.Screen_Test       lcd_test.o
    0x08004bec   0x08004bec   0x00000024   Code   RO          425    i.Screen_Welcome    lcd_test.o
    0x08004c10   0x08004c10   0x000000a8   Code   RO          609    i.SetSysClockTo72   system_stm32f10x.o
    0x08004cb8   0x08004cb8   0x00000010   Code   RO          962    i.Str_memset        basic_lib.o
    0x08004cc8   0x08004cc8   0x00000018   Code   RO         1543    i.SysTick_CLKSourceConfig  misc.o
    0x08004ce0   0x08004ce0   0x00000020   Code   RO         1403    i.SysTick_Handler   delay.o
    0x08004d00   0x08004d00   0x000000a4   Code   RO         1051    i.SystemGPIO        sysio_init.o
    0x08004da4   0x08004da4   0x00000050   Code   RO          611    i.SystemInit        system_stm32f10x.o
    0x08004df4   0x08004df4   0x000000a0   Code   RO          244    i.TIM2_IRQHandler   ctr_task.o
    0x08004e94   0x08004e94   0x0000005c   Code   RO         1314    i.TIM2_Int_Init     timer.o
    0x08004ef0   0x08004ef0   0x00000088   Code   RO         1315    i.TIM3_PWM_Init     timer.o
    0x08004f78   0x08004f78   0x00000088   Code   RO         1316    i.TIM4_PWM_Init     timer.o
    0x08005000   0x08005000   0x00000084   Code   RO         1317    i.TIM5_PWM_Init     timer.o
    0x08005084   0x08005084   0x00000006   Code   RO         2102    i.TIM_ClearITPendingBit  stm32f10x_tim.o
    0x0800508a   0x0800508a   0x00000014   Code   RO         2107    i.TIM_Cmd           stm32f10x_tim.o
    0x0800509e   0x0800509e   0x00000018   Code   RO         2128    i.TIM_GetITStatus   stm32f10x_tim.o
    0x080050b6   0x080050b6   0x00000010   Code   RO         2132    i.TIM_ITConfig      stm32f10x_tim.o
    0x080050c6   0x080050c6   0x00000002   PAD
    0x080050c8   0x080050c8   0x00000080   Code   RO         2141    i.TIM_OC2Init       stm32f10x_tim.o
    0x08005148   0x08005148   0x0000007c   Code   RO         2146    i.TIM_OC3Init       stm32f10x_tim.o
    0x080051c4   0x080051c4   0x00000004   Code   RO         2169    i.TIM_SetCompare2   stm32f10x_tim.o
    0x080051c8   0x080051c8   0x00000004   Code   RO         2170    i.TIM_SetCompare3   stm32f10x_tim.o
    0x080051cc   0x080051cc   0x0000009c   Code   RO         2178    i.TIM_TimeBaseInit  stm32f10x_tim.o
    0x08005268   0x08005268   0x0000006c   Code   RO         1480    i.USART1_IRQHandler  usart.o
    0x080052d4   0x080052d4   0x000000b8   Code   RO         1202    i.USART2_Init       usart2_driver.o
    0x0800538c   0x0800538c   0x0000002c   Code   RO         1203    i.USART2_SendByte   usart2_driver.o
    0x080053b8   0x080053b8   0x000000b0   Code   RO          900    i.USART3_IRQHandler  usart3_driver.o
    0x08005468   0x08005468   0x000000b4   Code   RO          901    i.USART3_Init       usart3_driver.o
    0x0800551c   0x0800551c   0x0000001c   Code   RO          902    i.USART3_SendData   usart3_driver.o
    0x08005538   0x08005538   0x0000002c   Code   RO          903    i.USART3_Sendbyte   usart3_driver.o
    0x08005564   0x08005564   0x00000006   Code   RO         1913    i.USART_ClearFlag   stm32f10x_usart.o
    0x0800556a   0x0800556a   0x0000000c   Code   RO         1914    i.USART_ClearITPendingBit  stm32f10x_usart.o
    0x08005576   0x08005576   0x00000014   Code   RO         1917    i.USART_Cmd         stm32f10x_usart.o
    0x0800558a   0x0800558a   0x00000002   PAD
    0x0800558c   0x0800558c   0x00000074   Code   RO         1919    i.USART_DeInit      stm32f10x_usart.o
    0x08005600   0x08005600   0x0000000e   Code   RO         1920    i.USART_GetFlagStatus  stm32f10x_usart.o
    0x0800560e   0x0800560e   0x0000003e   Code   RO         1921    i.USART_GetITStatus  stm32f10x_usart.o
    0x0800564c   0x0800564c   0x00000030   Code   RO         1923    i.USART_ITConfig    stm32f10x_usart.o
    0x0800567c   0x0800567c   0x000000ac   Code   RO         1924    i.USART_Init        stm32f10x_usart.o
    0x08005728   0x08005728   0x00000008   Code   RO         1931    i.USART_ReceiveData  stm32f10x_usart.o
    0x08005730   0x08005730   0x00000008   Code   RO         1934    i.USART_SendData    stm32f10x_usart.o
    0x08005738   0x08005738   0x00000002   Code   RO          538    i.UsageFault_Handler  stm32f10x_it.o
    0x0800573a   0x0800573a   0x00000002   PAD
    0x0800573c   0x0800573c   0x0000001c   Code   RO          206    i.Variables_init    common.o
    0x08005758   0x08005758   0x00000044   Code   RO         1091    i.W25QXX_Erase_Sector  w25qxx.o
    0x0800579c   0x0800579c   0x00000058   Code   RO         1092    i.W25QXX_Init       w25qxx.o
    0x080057f4   0x080057f4   0x00000050   Code   RO         1094    i.W25QXX_Read       w25qxx.o
    0x08005844   0x08005844   0x00000044   Code   RO         1095    i.W25QXX_ReadID     w25qxx.o
    0x08005888   0x08005888   0x00000024   Code   RO         1096    i.W25QXX_ReadSR     w25qxx.o
    0x080058ac   0x080058ac   0x0000000e   Code   RO         1098    i.W25QXX_Wait_Busy  w25qxx.o
    0x080058ba   0x080058ba   0x00000002   PAD
    0x080058bc   0x080058bc   0x0000009c   Code   RO         1099    i.W25QXX_Write      w25qxx.o
    0x08005958   0x08005958   0x00000020   Code   RO         1101    i.W25QXX_Write_Enable  w25qxx.o
    0x08005978   0x08005978   0x0000003e   Code   RO         1102    i.W25QXX_Write_NoCheck  w25qxx.o
    0x080059b6   0x080059b6   0x00000002   PAD
    0x080059b8   0x080059b8   0x00000058   Code   RO         1103    i.W25QXX_Write_Page  w25qxx.o
    0x08005a10   0x08005a10   0x000000aa   Code   RO         4030    i.__kernel_poly     m_ws.l(poly.o)
    0x08005aba   0x08005aba   0x00000002   PAD
    0x08005abc   0x08005abc   0x00000010   Code   RO         4016    i.__mathlib_dbl_divzero  m_ws.l(dunder.o)
    0x08005acc   0x08005acc   0x00000006   Code   RO         4017    i.__mathlib_dbl_infnan  m_ws.l(dunder.o)
    0x08005ad2   0x08005ad2   0x0000000c   Code   RO         4019    i.__mathlib_dbl_invalid  m_ws.l(dunder.o)
    0x08005ade   0x08005ade   0x0000000e   Code   RO         3899    i._is_digit         c_w.l(__printf_wp.o)
    0x08005aec   0x08005aec   0x00000002   Code   RO         1481    i._sys_exit         usart.o
    0x08005aee   0x08005aee   0x00000002   PAD
    0x08005af0   0x08005af0   0x000003a8   Code   RO            1    i.adc_task          adc_task.o
    0x08005e98   0x08005e98   0x0000001e   Code   RO          964    i.compare_array     basic_lib.o
    0x08005eb6   0x08005eb6   0x00000002   PAD
    0x08005eb8   0x08005eb8   0x00000a38   Code   RO          245    i.ctr_task          ctr_task.o
    0x080068f0   0x080068f0   0x0000004c   Code   RO         1404    i.delay_init        delay.o
    0x0800693c   0x0800693c   0x00000044   Code   RO         1405    i.delay_ms          delay.o
    0x08006980   0x08006980   0x00000044   Code   RO         1409    i.delay_us          delay.o
    0x080069c4   0x080069c4   0x0000005e   Code   RO          281    i.dis_countdown     function.o
    0x08006a22   0x08006a22   0x00000026   Code   RO          282    i.dis_density       function.o
    0x08006a48   0x08006a48   0x00000050   Code   RO          283    i.dis_vac_bar       function.o
    0x08006a98   0x08006a98   0x00000018   Code   RO         1482    i.fputc             usart.o
    0x08006ab0   0x08006ab0   0x000001ec   Code   RO          426    i.lcd_task          lcd_test.o
    0x08006c9c   0x08006c9c   0x00000378   Code   RO          365    i.led_task          led_test.o
    0x08007014   0x08007014   0x0000035c   Code   RO         3976    i.log               m_ws.l(log.o)
    0x08007370   0x08007370   0x00000034   Code   RO          381    i.main              main.o
    0x080073a4   0x080073a4   0x00000014   Code   RO          965    i.map               basic_lib.o
    0x080073b8   0x080073b8   0x00000034   Code   RO          967    i.myIntToStr        basic_lib.o
    0x080073ec   0x080073ec   0x0000006c   Code   RO          382    i.start_task        main.o
    0x08007458   0x08007458   0x00000064   Code   RO          246    i.tmr1_callback     ctr_task.o
    0x080074bc   0x080074bc   0x000000a0   Code   RO         1483    i.uart_init         usart.o
    0x0800755c   0x0800755c   0x00000062   Code   RO         3923    x$fpl$d2f           fz_ws.l(d2f.o)
    0x080075be   0x080075be   0x00000002   PAD
    0x080075c0   0x080075c0   0x00000150   Code   RO         3925    x$fpl$dadd          fz_ws.l(daddsub_clz.o)
    0x08007710   0x08007710   0x00000010   Code   RO         4059    x$fpl$dcheck1       fz_ws.l(dcheck1.o)
    0x08007720   0x08007720   0x00000018   Code   RO         4061    x$fpl$dcmpinf       fz_ws.l(dcmpi.o)
    0x08007738   0x08007738   0x000002b0   Code   RO         3932    x$fpl$ddiv          fz_ws.l(ddiv.o)
    0x080079e8   0x080079e8   0x00000078   Code   RO         4001    x$fpl$deqf          fz_ws.l(deqf.o)
    0x08007a60   0x08007a60   0x0000002e   Code   RO         3936    x$fpl$dflt          fz_ws.l(dflt_clz.o)
    0x08007a8e   0x08007a8e   0x00000002   PAD
    0x08007a90   0x08007a90   0x00000154   Code   RO         3941    x$fpl$dmul          fz_ws.l(dmul.o)
    0x08007be4   0x08007be4   0x0000009c   Code   RO         4003    x$fpl$dnaninf       fz_ws.l(dnaninf.o)
    0x08007c80   0x08007c80   0x0000000c   Code   RO         4005    x$fpl$dretinf       fz_ws.l(dretinf.o)
    0x08007c8c   0x08007c8c   0x00000016   Code   RO         3926    x$fpl$drsb          fz_ws.l(daddsub_clz.o)
    0x08007ca2   0x08007ca2   0x00000002   PAD
    0x08007ca4   0x08007ca4   0x000001d4   Code   RO         3927    x$fpl$dsub          fz_ws.l(daddsub_clz.o)
    0x08007e78   0x08007e78   0x00000056   Code   RO         3943    x$fpl$f2d           fz_ws.l(f2d.o)
    0x08007ece   0x08007ece   0x00000002   PAD
    0x08007ed0   0x08007ed0   0x000000c4   Code   RO         3945    x$fpl$fadd          fz_ws.l(faddsub_clz.o)
    0x08007f94   0x08007f94   0x00000018   Code   RO         4007    x$fpl$fcmpinf       fz_ws.l(fcmpi.o)
    0x08007fac   0x08007fac   0x00000184   Code   RO         3952    x$fpl$fdiv          fz_ws.l(fdiv.o)
    0x08008130   0x08008130   0x00000036   Code   RO         3955    x$fpl$ffix          fz_ws.l(ffix.o)
    0x08008166   0x08008166   0x00000002   PAD
    0x08008168   0x08008168   0x0000003e   Code   RO         3959    x$fpl$ffixu         fz_ws.l(ffixu.o)
    0x080081a6   0x080081a6   0x00000002   PAD
    0x080081a8   0x080081a8   0x00000030   Code   RO         3964    x$fpl$fflt          fz_ws.l(fflt_clz.o)
    0x080081d8   0x080081d8   0x00000026   Code   RO         3963    x$fpl$ffltu         fz_ws.l(fflt_clz.o)
    0x080081fe   0x080081fe   0x00000002   PAD
    0x08008200   0x08008200   0x00000068   Code   RO         3969    x$fpl$fleqf         fz_ws.l(fleqf.o)
    0x08008268   0x08008268   0x00000102   Code   RO         3971    x$fpl$fmul          fz_ws.l(fmul.o)
    0x0800836a   0x0800836a   0x0000008c   Code   RO         4009    x$fpl$fnaninf       fz_ws.l(fnaninf.o)
    0x080083f6   0x080083f6   0x0000000a   Code   RO         4011    x$fpl$fretinf       fz_ws.l(fretinf.o)
    0x08008400   0x08008400   0x00000062   Code   RO         3973    x$fpl$frleqf        fz_ws.l(frleqf.o)
    0x08008462   0x08008462   0x00000002   PAD
    0x08008464   0x08008464   0x000000ea   Code   RO         3947    x$fpl$fsub          fz_ws.l(faddsub_clz.o)
    0x0800854e   0x0800854e   0x00000064   Code   RO         4076    x$fpl$retnan        fz_ws.l(retnan.o)
    0x080085b2   0x080085b2   0x0000005c   Code   RO         4013    x$fpl$scalbn        fz_ws.l(scalbn.o)
    0x0800860e   0x0800860e   0x00000030   Code   RO         4125    x$fpl$trapveneer    fz_ws.l(trapv.o)
    0x0800863e   0x0800863e   0x00000000   Code   RO         4015    x$fpl$usenofp       fz_ws.l(usenofp.o)
    0x0800863e   0x0800863e   0x00000002   PAD
    0x08008640   0x08008640   0x00000020   Data   RO          366    .constdata          led_test.o
    0x08008660   0x08008660   0x00000100   Data   RO         3094    .constdata          os_core.o
    0x08008760   0x08008760   0x00000028   Data   RO         3872    .constdata          c_w.l(_printf_hex_int.o)
    0x08008788   0x08008788   0x00000011   Data   RO         3902    .constdata          c_w.l(__printf_flags_wp.o)
    0x08008799   0x08008799   0x00000007   PAD
    0x080087a0   0x080087a0   0x00000038   Data   RO         3977    .constdata          m_ws.l(log.o)
    0x080087d8   0x080087d8   0x00000008   Data   RO         4032    .constdata          m_ws.l(qnan.o)
    0x080087e0   0x080087e0   0x00000020   Data   RO         4200    Region$$Table       anon$$obj.o


    Execution Region ER_RW (Exec base: 0x20000000, Load base: 0x08008800, Size: 0x00000104, Max: 0xffffffff, ABSOLUTE)

    Exec Addr    Load Addr    Size         Type   Attr      Idx    E Section Name        Object

    0x20000000   0x08008800   0x00000012   Data   RW          208    .data               common.o
    0x20000012   0x08008812   0x00000002   PAD
    0x20000014   0x08008814   0x0000000c   Data   RW          247    .data               ctr_task.o
    0x20000020   0x08008820   0x00000001   Data   RW          285    .data               function.o
    0x20000021   0x08008821   0x00000003   PAD
    0x20000024   0x08008824   0x00000048   Data   RW          428    .data               lcd_test.o
    0x2000006c   0x0800886c   0x00000014   Data   RW          612    .data               system_stm32f10x.o
    0x20000080   0x08008880   0x00000001   Data   RW          670    .data               key.o
    0x20000081   0x08008881   0x00000001   PAD
    0x20000082   0x08008882   0x00000006   Data   RW          906    .data               usart3_driver.o
    0x20000088   0x08008888   0x00000002   Data   RW         1106    .data               w25qxx.o
    0x2000008a   0x0800888a   0x00000004   Data   RW         1410    .data               delay.o
    0x2000008e   0x0800888e   0x00000002   Data   RW         1485    .data               usart.o
    0x20000090   0x08008890   0x00000004   Data   RW         1486    .data               usart.o
    0x20000094   0x08008894   0x00000014   Data   RW         1745    .data               stm32f10x_rcc.o
    0x200000a8   0x080088a8   0x0000003c   Data   RW         3095    .data               os_core.o
    0x200000e4   0x080088e4   0x00000004   Data   RW         3096    .data               os_core.o
    0x200000e8   0x080088e8   0x00000004   Data   RW         3097    .data               os_core.o
    0x200000ec   0x080088ec   0x00000002   Data   RW         3098    .data               os_core.o
    0x200000ee   0x080088ee   0x00000002   Data   RW         3099    .data               os_core.o
    0x200000f0   0x080088f0   0x00000004   Data   RW         3100    .data               os_core.o
    0x200000f4   0x080088f4   0x00000004   Data   RW         3101    .data               os_core.o
    0x200000f8   0x080088f8   0x00000004   Data   RW         3102    .data               os_core.o
    0x200000fc   0x080088fc   0x00000004   Data   RW         3103    .data               os_core.o
    0x20000100   0x08008900   0x00000002   Data   RW         3774    .data               os_cpu_c.o


    Execution Region ER_ZI (Exec base: 0x20000104, Load base: 0x08008904, Size: 0x000035a4, Max: 0xffffffff, ABSOLUTE)

    Exec Addr    Load Addr    Size         Type   Attr      Idx    E Section Name        Object

    0x20000104        -       0x000000a0   Zero   RW          207    .bss                common.o
    0x200001a4        -       0x00000d00   Zero   RW          383    .bss                main.o
    0x20000ea4        -       0x000000d4   Zero   RW          427    .bss                lcd_test.o
    0x20000f78        -       0x00000064   Zero   RW          905    .bss                usart3_driver.o
    0x20000fdc        -       0x00001000   Zero   RW         1105    .bss                w25qxx.o
    0x20001fdc        -       0x00000064   Zero   RW         1287    .bss                adc.o
    0x20002040        -       0x000000c8   Zero   RW         1484    .bss                usart.o
    0x20002108        -       0x000009b8   Zero   RW         3088    .bss                os_core.o
    0x20002ac0        -       0x00000050   Zero   RW         3089    .bss                os_core.o
    0x20002b10        -       0x00000078   Zero   RW         3090    .bss                os_core.o
    0x20002b88        -       0x00000280   Zero   RW         3091    .bss                os_core.o
    0x20002e08        -       0x00000200   Zero   RW         3092    .bss                os_core.o
    0x20003008        -       0x00000040   Zero   RW         3093    .bss                os_core.o
    0x20003048        -       0x00000060   Zero   RW         4064    .bss                c_w.l(libspace.o)
    0x200030a8        -       0x00000200   Zero   RW         1533    HEAP                startup_stm32f10x_hd.o
    0x200032a8        -       0x00000400   Zero   RW         1532    STACK               startup_stm32f10x_hd.o


==============================================================================

Image component sizes


      Code (inc. data)   RO Data    RW Data    ZI Data      Debug   Object Name

       348         24          0          0        100       1983   adc.o
       936        112          0          0          0     290100   adc_task.o
       862         34          0          0          0       7479   at24c64_driver.o
       376          0          0          0          0       4292   basic_lib.o
       264         26          0         18        160       2124   common.o
      2876        328          0         12          0       3276   ctr_task.o
       244         36          0          4          0       3233   delay.o
       684         36          0          1          0       3610   function.o
       962          0          0          0          0      10715   hmi_driver.o
        82          0          0          0          0        673   hmi_driver_t5.o
       116         12          0          1          0       1098   key.o
      8764        542          0         72        212      17792   lcd_test.o
       120         12          0          0          0       1328   led.o
       888        102         32          0          0       1749   led_test.o
       160         42          0          0       3328       1853   main.o
       144         16          0          0          0       2105   misc.o
        68         16          0          0          0        555   ntc.o
      1626        182        256         88       3904      21627   os_core.o
       180         36          0          0          0        340   os_cpu_a.o
       168          8          0          2          0      13956   os_cpu_c.o
        72         12          0          0          0        606   os_flag.o
        64          8          0          0          0        611   os_q.o
       330         22          0          0          0       2550   os_sem.o
       662         60          0          0          0       5512   os_task.o
       104         22          0          0          0        676   os_time.o
       736        118          0          0          0       5286   os_tmr.o
       256         18          0          0          0       1805   spi.o
        64         26        304          0       1536        808   startup_stm32f10x_hd.o
       296         10          0          0          0       7613   stm32f10x_adc.o
       308         10          0          0          0       3650   stm32f10x_dma.o
       272          6          0          0          0       4454   stm32f10x_gpio.o
        14          0          0          0          0       2987   stm32f10x_it.o
       284         52          0         20          0       6931   stm32f10x_rcc.o
        98          0          0          0          0       3954   stm32f10x_spi.o
       482         58          0          0          0       7089   stm32f10x_tim.o
       466         26          0          0          0       8216   stm32f10x_usart.o
         0          0          0          0          0         32   sys.o
       164         22          0          0          0        605   sysio_init.o
       248         24          0         20          0       1793   system_stm32f10x.o
       520         34          0          0          0       3930   timer.o
       294         28          0          6        200       4272   usart.o
       324         14          0          0          0       3242   usart2_driver.o
       496         46          0          6        100       4342   usart3_driver.o
       692         46          0          2       4096       7111   w25qxx.o

    ----------------------------------------------------------------------
     27160       2226        624        260      13636     477963   Object Totals
         0          0         32          0          0          0   (incl. Generated)
        46          0          0          8          0          0   (incl. Padding)

    ----------------------------------------------------------------------

      Code (inc. data)   RO Data    RW Data    ZI Data      Debug   Library Member Name

         8          0          0          0          0         68   __main.o
       312          4         17          0          0         92   __printf_flags_wp.o
        14          0          0          0          0         68   __printf_wp.o
         0          0          0          0          0          0   __rtentry.o
        12          0          0          0          0          0   __rtentry2.o
         6          0          0          0          0          0   __rtentry4.o
        52          8          0          0          0          0   __scatter.o
        26          0          0          0          0          0   __scatter_copy.o
        28          0          0          0          0          0   __scatter_zi.o
        44          0          0          0          0        108   _printf_char.o
        48          6          0          0          0         96   _printf_char_common.o
        36          4          0          0          0         80   _printf_char_file.o
         6          0          0          0          0          0   _printf_d.o
       120         16          0          0          0         92   _printf_dec.o
        88          4         40          0          0         88   _printf_hex_int.o
       178          0          0          0          0         88   _printf_intcommon.o
         0          0          0          0          0          0   _printf_percent.o
         4          0          0          0          0          0   _printf_percent_end.o
         6          0          0          0          0          0   _printf_s.o
        82          0          0          0          0         80   _printf_str.o
         6          0          0          0          0          0   _printf_x.o
        22          0          0          0          0        100   _rserrno.o
        18          0          0          0          0         80   exit.o
         8          0          0          0          0         68   ferror.o
         6          0          0          0          0        152   heapauxi.o
         2          0          0          0          0          0   libinit.o
         2          0          0          0          0          0   libinit2.o
         2          0          0          0          0          0   libshutdown.o
         2          0          0          0          0          0   libshutdown2.o
         8          4          0          0         96         68   libspace.o
        24          4          0          0          0         84   noretval__2printf.o
         8          4          0          0          0         68   rt_errno_addr_intlibspace.o
        78          0          0          0          0         80   rt_memclr_w.o
       100          0          0          0          0         80   rt_memcpy_w.o
         2          0          0          0          0          0   rtexit.o
        10          0          0          0          0          0   rtexit2.o
        62          0          0          0          0         76   strlen.o
        74          0          0          0          0         80   sys_stackheap_outer.o
         2          0          0          0          0         68   use_no_semi.o
         2          0          0          0          0         68   use_no_semi_2.o
        98          4          0          0          0         92   d2f.o
       826         16          0          0          0        348   daddsub_clz.o
        16          4          0          0          0         68   dcheck1.o
        24          0          0          0          0         68   dcmpi.o
       688        140          0          0          0        208   ddiv.o
       120          4          0          0          0         92   deqf.o
        46          0          0          0          0         68   dflt_clz.o
       340         12          0          0          0        104   dmul.o
       156          4          0          0          0         92   dnaninf.o
        12          0          0          0          0         68   dretinf.o
        86          4          0          0          0         84   f2d.o
       430          8          0          0          0        168   faddsub_clz.o
        24          0          0          0          0         68   fcmpi.o
       388         76          0          0          0         96   fdiv.o
        54          4          0          0          0         84   ffix.o
        62          4          0          0          0         84   ffixu.o
        86          0          0          0          0        136   fflt_clz.o
       104          4          0          0          0         84   fleqf.o
       258          4          0          0          0         84   fmul.o
       140          4          0          0          0         84   fnaninf.o
        10          0          0          0          0         68   fretinf.o
        98          0          0          0          0         68   frleqf.o
       100          0          0          0          0         68   retnan.o
        92          0          0          0          0         68   scalbn.o
        48          0          0          0          0         68   trapv.o
         0          0          0          0          0          0   usenofp.o
        34          4          0          0          0        204   dunder.o
       860         52         56          0          0        256   log.o
       170          0          0          0          0         96   poly.o
         0          0          8          0          0          0   qnan.o

    ----------------------------------------------------------------------
      6904        402        128          0         96       5008   Library Totals
        26          0          7          0          0          0   (incl. Padding)

    ----------------------------------------------------------------------

      Code (inc. data)   RO Data    RW Data    ZI Data      Debug   Library Name

      1508         54         57          0         96       1932   c_w.l
      4306        292          0          0          0       2520   fz_ws.l
      1064         56         64          0          0        556   m_ws.l

    ----------------------------------------------------------------------
      6904        402        128          0         96       5008   Library Totals

    ----------------------------------------------------------------------

==============================================================================


      Code (inc. data)   RO Data    RW Data    ZI Data      Debug   

     34064       2628        752        260      13732     469187   Grand Totals
     34064       2628        752        260      13732     469187   ELF Image Totals
     34064       2628        752        260          0          0   ROM Totals

==============================================================================

    Total RO  Size (Code + RO Data)                34816 (  34.00kB)
    Total RW  Size (RW Data + ZI Data)             13992 (  13.66kB)
    Total ROM Size (Code + RO Data + RW Data)      35076 (  34.25kB)

==============================================================================

